==========================================
=== CLG8128HERL801592  Mon Sep 14 22:14:10 RTZ 2026
==========================================
machine CLG8128HERL801592 -> 69F00080022B001  CLG8128H康明斯T3 轮式装载机
  legends: 1208 (573 on this VIN)
  details+photos 50/4355
  details+photos 100/4355
  details+photos 150/4355
  details+photos 200/4355
  details+photos 250/4355
  details+photos 300/4355
  details+photos 350/4355
  details+photos 400/4355
  details+photos 450/4355
  details+photos 500/4355
  details+photos 550/4355
  details+photos 600/4355
  details+photos 650/4355
  details+photos 700/4355
  details+photos 750/4355
  details+photos 800/4355
  details+photos 850/4355
  details+photos 900/4355
  details+photos 950/4355
  details+photos 1000/4355
  details+photos 1050/4355
  details+photos 1100/4355
  details+photos 1150/4355
  details+photos 1200/4355
  details+photos 1250/4355
  details+photos 1300/4355
  details+photos 1350/4355
  details+photos 1400/4355
  details+photos 1450/4355
  details+photos 1500/4355
  details+photos 1550/4355
  details+photos 1600/4355
  details+photos 1650/4355
  details+photos 1700/4355
  details+photos 1750/4355
  details+photos 1800/4355
  details+photos 1850/4355
  details+photos 1900/4355
  details+photos 1950/4355
  details+photos 2000/4355
  details+photos 2050/4355
  details+photos 2100/4355
  details+photos 2150/4355
  details+photos 2200/4355
  details+photos 2250/4355
  details+photos 2300/4355
  details+photos 2350/4355
  details+photos 2400/4355
  details+photos 2450/4355
  details+photos 2500/4355
  details+photos 2550/4355
  details+photos 2600/4355
  details+photos 2650/4355
  details+photos 2700/4355
  details+photos 2750/4355
  details+photos 2800/4355
  details+photos 2850/4355
  details+photos 2900/4355
  details+photos 2950/4355
  details+photos 3000/4355
  details+photos 3050/4355
  details+photos 3100/4355
  details+photos 3150/4355
  details+photos 3200/4355
  details+photos 3250/4355
  details+photos 3300/4355
  details+photos 3350/4355
  details+photos 3400/4355
  details+photos 3450/4355
  details+photos 3500/4355
  details+photos 3550/4355
  details+photos 3600/4355
  details+photos 3650/4355
  details+photos 3700/4355
  details+photos 3750/4355
  details+photos 3800/4355
  details+photos 3850/4355
  details+photos 3900/4355
  details+photos 3950/4355
  details+photos 4000/4355
  details+photos 4050/4355
  details+photos 4100/4355
  details+photos 4150/4355
  details+photos 4200/4355
  details+photos 4250/4355
  details+photos 4300/4355
  details+photos 4350/4355
  details+photos done
machine CLG8128HERL801592 -> 69F00080022B001  CLG8128H康明斯T3 轮式装载机
  legends: 1208 (573 on this VIN)
  details+photos 50/4355
  details+photos 100/4355
  details+photos 150/4355
  details+photos 200/4355
  details+photos 250/4355
  details+photos 300/4355
  details+photos 350/4355
  details+photos 400/4355
  details+photos 450/4355
  details+photos 500/4355
  details+photos 550/4355
  details+photos 600/4355
  details+photos 650/4355
  details+photos 700/4355
  details+photos 750/4355
  details+photos 800/4355
  details+photos 850/4355
  details+photos 900/4355
  details+photos 950/4355
  details+photos 1000/4355
  details+photos 1050/4355
  details+photos 1100/4355
  details+photos 1150/4355
  details+photos 1200/4355
  details+photos 1250/4355
  details+photos 1300/4355
  details+photos 1350/4355
  details+photos 1400/4355
  details+photos 1450/4355
  details+photos 1500/4355
  ! photo 30C0266#1: GET /part/zp/35373534363735343536353a353a383335343534353638333734393338393467 -> 401 on all 2 attempts (session really expired)
  ! photo 30C0266#2: GET /part/zp/35373534363735343536353a353a38333534353435373833 -> 401 on all 2 attempts (session really expired)
Traceback (most recent call last):
  File "C:\Projects\LiuGong\tools\crawl_machine.py", line 278, in <module>
    main()
    ~~~~^^
  File "C:\Projects\LiuGong\tools\crawl_machine.py", line 271, in main
    for i, (pn, st) in enumerate(ex.map(do_detail, todo), 1):
                       ~~~~~~~~~^^^^^^^^^^^^^^^^^^^^^^^^^^^^
  File "C:\Users\Admin\AppData\Local\Python\pythoncore-3.14-64\Lib\concurrent\futures\_base.py", line 639, in result_iterator
    yield _result_or_cancel(fs.pop())
          ~~~~~~~~~~~~~~~~~^^^^^^^^^^
  File "C:\Users\Admin\AppData\Local\Python\pythoncore-3.14-64\Lib\concurrent\futures\_base.py", line 311, in _result_or_cancel
    return fut.result(timeout)
           ~~~~~~~~~~^^^^^^^^^
  File "C:\Users\Admin\AppData\Local\Python\pythoncore-3.14-64\Lib\concurrent\futures\_base.py", line 450, in result
    return self.__get_result()
           ~~~~~~~~~~~~~~~~~^^
  File "C:\Users\Admin\AppData\Local\Python\pythoncore-3.14-64\Lib\concurrent\futures\_base.py", line 395, in __get_result
    raise self._exception
  File "C:\Users\Admin\AppData\Local\Python\pythoncore-3.14-64\Lib\concurrent\futures\thread.py", line 86, in run
    result = ctx.run(self.task)
  File "C:\Users\Admin\AppData\Local\Python\pythoncore-3.14-64\Lib\concurrent\futures\thread.py", line 73, in run
    return fn(*args, **kwargs)
  File "C:\Projects\LiuGong\tools\crawl_machine.py", line 260, in do_detail
    r = epc[loc]._req("GET", f"/part/{pn}/{parent or '&'}",
                      headers={"Referer": f"{BASE}/usage/vin/{vin}"})
  File "C:\Projects\LiuGong\tools\lg_api.py", line 74, in _req
    raise SessionExpired(
        f"{method} {path} -> 401 on all {retries} attempts "
        "(session really expired)")
lg_api.SessionExpired: GET /part/30C0278/00C7230 -> 401 on all 4 attempts (session really expired)
!!! CLG8128HERL801592 / photos FAILED -- stopping batch
