machine LGC9125FARC135673 -> 08F0096C011B002  9125F 挖掘机
  legends: 763 (390 on this VIN)
  photos 100/1866
  photos 200/1866
  photos 300/1866
  photos 400/1866
  photos 500/1866
  photos 600/1866
  photos 700/1866
  photos 800/1866
  photos 900/1866
  photos 1000/1866
  photos 1100/1866
  photos 1200/1866
  photos 1300/1866
  photos 1400/1866
  ! photo 30C0597#1: GET /part/zp/353735343637353435393564353b3833353435343536 failed: HTTP 401
  ! photo 30C0273#1: GET /part/zp/35373534363735343536353b35373833353435343535 failed: ConnectionError
  ! photo 30C0266#1: GET /part/zp/35373534363735343536353a353a383335343534353638333734393338393467 failed: HTTP 401
  ! photo 30C0894#2: GET /part/zp/35373534363735343563356435383833353435343537 failed: HTTP 401
  ! photo 30C0914#1: GET /part/zp/35373534363735343564353535383833353435343536 failed: HTTP 401
  ! photo 30C0914#1: GET /part/zp/35373534363735343564353535383833353435343536 failed: HTTP 401
  ! photo 30C0914#1: GET /part/zp/35373534363735343564353535383833353435343536 failed: HTTP 401
  ! photo 30C2017#1: GET /part/zp/353735343637353635343535353b3833353435343536 failed: HTTP 401
  ! photo 31A8150#1: GET /part/zp/35373535363535633535353935343833353435343536 failed: HTTP 401
  ! photo 31B0469#1: GET /part/zp/35373535363635343538353a35643833353435343536 failed: HTTP 401
  ! photo 31B0536#1: GET /part/zp/353735353636353435393537353a3833353435343536 failed: HTTP 401
  ! photo 31C0088#2: GET /part/zp/35373535363735343534356335633833353435343536 failed: HTTP 401
  ! photo 31C0088#1: GET /part/zp/35373535363735343534356335633833353435343535 failed: HTTP 401
  ! photo 31C0095#1: GET /part/zp/35373535363735343534356435393833353435343536 failed: HTTP 401
  ! photo 31C0095#1: GET /part/zp/35373535363735343534356435393833353435343536 failed: HTTP 401
  ! photo 31C0095#1: GET /part/zp/35373535363735343534356435393833353435343536 failed: HTTP 401
  ! photo 31C0095#1: GET /part/zp/35373535363735343534356435393833353435343536 failed: HTTP 401
  ! photo 31C0102#1: GET /part/zp/35373535363735343535353435363833353435343536 failed: HTTP 401
  ! photo 31C0102#1: GET /part/zp/35373535363735343535353435363833353435343536 failed: HTTP 401
  ! photo 31C0102#1: GET /part/zp/35373535363735343535353435363833353435343536 failed: HTTP 401
  ! photo 31C0102#1: GET /part/zp/35373535363735343535353435363833353435343536 failed: HTTP 401
  ! photo 31C0113#1: GET /part/zp/35373535363735343535353535373833353435343536 failed: HTTP 401
  ! photo 31C0113#2: GET /part/zp/35373535363735343535353535373833353435343537 failed: HTTP 401
  ! photo 31C0113#1: GET /part/zp/35373535363735343535353535373833353435343536 failed: HTTP 401
  ! photo 31C0113#2: GET /part/zp/35373535363735343535353535373833353435343537 failed: HTTP 401
  ! photo 31C0114#1: GET /part/zp/35373535363735343535353535383833353435343535 failed: HTTP 401
  ! photo 31C0114#1: GET /part/zp/35373535363735343535353535383833353435343535 failed: HTTP 401
  ! photo 31C0158#1: GET /part/zp/35373535363735343535353935633833353435343536 failed: HTTP 401
  ! photo 31C0173#1: GET /part/zp/35373535363735343535353b35373833353435343536 failed: HTTP 401
  ! photo 31C1803#1: GET /part/zp/35373535363735353563353435373833353435343536 failed: HTTP 401
  ! photo 31C2275#1: GET /part/zp/35373535363735363536353b35393833353435343536 failed: HTTP 401
  ! photo 31C2275#2: GET /part/zp/35373535363735363536353b35393833353435343537 failed: HTTP 401
  ! photo 31C3813#1: GET /part/zp/3537353536373537356335353537 failed: HTTP 401
  ! photo 32B0064#1: GET /part/zp/35373536363635343534353a35383833353435343535 failed: HTTP 401
  ! photo 32B0064#2: GET /part/zp/35373536363635343534353a35383833353435343536 failed: HTTP 401
  ! photo 32B0064#1: GET /part/zp/35373536363635343534353a35383833353435343535 failed: HTTP 401
  ! photo 32B0064#2: GET /part/zp/35373536363635343534353a35383833353435343536 failed: HTTP 401
  ! photo 32B0066#1: GET /part/zp/35373536363635343534353a353a3833353435343535 failed: HTTP 401
  ! photo 32B0333#1: GET /part/zp/35373536363635343537353735373833353435343537 failed: HTTP 401
  ! photo 32B0335#1: GET /part/zp/35373536363635343537353735393833353435343536 failed: HTTP 401
  ! photo 32C0121#1: GET /part/zp/35373536363735343535353635353833353435343536 failed: HTTP 401
  ! photo 32C0121#2: GET /part/zp/35373536363735343535353635353833353435343539 failed: HTTP 401
  ! photo 32C0122#1: GET /part/zp/35373536363735343535353635363833353435343536 failed: HTTP 401
  ! photo 32C0172#1: GET /part/zp/35373536363735343535353b35363833353435343536 failed: HTTP 401
  ! photo 32C0544#1: GET /part/zp/35373536363735343539353835383833353435343535 failed: HTTP 401
  ! photo 32C0563#1: GET /part/zp/35373536363735343539353a35373833353435343536 failed: HTTP 401
  ! photo 32C0563#1: GET /part/zp/35373536363735343539353a35373833353435343536 failed: HTTP 401
  ! photo 32C0672#1: GET /part/zp/3537353636373534353a353b35363833353435343536 failed: HTTP 401
  ! photo 32C0672#2: GET /part/zp/3537353636373534353a353b35363833353435343538 failed: HTTP 401
  ! photo 32C0674#1: GET /part/zp/3537353636373534353a353b35383833353435343536 failed: HTTP 401
  ! photo 32C0674#2: GET /part/zp/3537353636373534353a353b35383833353435343537 failed: HTTP 401
  ! photo 32C0679#1: GET /part/zp/3537353636373534353a353b35643833353435343536 failed: HTTP 401
  ! photo 32C0679#2: GET /part/zp/3537353636373534353a353b35643833353435343537 failed: HTTP 401
  ! photo 32C0684#1: GET /part/zp/3537353636373534353a356335383833353435343536 failed: HTTP 401
  ! photo 34A0317#1: GET /part/zp/353735383635353435373535353b3833353435343535 failed: HTTP 401
  ! photo 34A0317#1: GET /part/zp/353735383635353435373535353b3833353435343535 failed: HTTP 401
  ! photo 34A7940#1: GET /part/zp/353735383635353b3564353835343833353435343536 failed: HTTP 401
  ! photo 34A7940#1: GET /part/zp/353735383635353b3564353835343833353435343536 failed: HTTP 401
  ! photo 34A7940#1: GET /part/zp/353735383635353b3564353835343833353435343536 failed: HTTP 401
  photos 1500/1866
  ! photo 34A7940#1: GET /part/zp/353735383635353b3564353835343833353435343536 failed: HTTP 401
  ! photo 34A7940#1: GET /part/zp/353735383635353b3564353835343833353435343536 failed: HTTP 401
  ! photo 34A7940#1: GET /part/zp/353735383635353b3564353835343833353435343536 failed: HTTP 401
  ! photo 34A7940#1: GET /part/zp/353735383635353b3564353835343833353435343536 failed: HTTP 401
  ! photo 34A7940#1: GET /part/zp/353735383635353b3564353835343833353435343536 failed: HTTP 401
  ! photo 34A7940#1: GET /part/zp/353735383635353b3564353835343833353435343536 failed: HTTP 401
  ! photo 34A7940#1: GET /part/zp/353735383635353b3564353835343833353435343536 failed: HTTP 401
  ! photo 34A7940#1: GET /part/zp/353735383635353b3564353835343833353435343536 failed: HTTP 401
  ! photo 34B1194#1: GET /part/zp/35373538363635353535356435383833353435343536 failed: HTTP 401
  ! photo 34B1194#2: GET /part/zp/35373538363635353535356435383833353435343537 failed: HTTP 401
  ! photo 34B1195#1: GET /part/zp/35373538363635353535356435393833353435343536 failed: HTTP 401
  ! photo 34B1211#1: GET /part/zp/35373538363635353536353535353833353435343535 failed: HTTP 401
  ! photo 34B1211#2: GET /part/zp/35373538363635353536353535353833353435343536 failed: HTTP 401
  ! photo 34B1214#1: GET /part/zp/35373538363635353536353535383833353435343536 failed: HTTP 401
  ! photo 34C1268#1: GET /part/zp/35373538363735353536353a35633833353435343538 failed: HTTP 401
  ! photo 34C1268#1: GET /part/zp/35373538363735353536353a35633833353435343538 failed: HTTP 401
  ! photo 34C1268#1: GET /part/zp/35373538363735353536353a35633833353435343538 failed: HTTP 401
  ! photo 34C1270#1: GET /part/zp/35373538363735353536353b35343833353435343536 failed: HTTP 401
  ! photo 34C1270#1: GET /part/zp/35373538363735353536353b35343833353435343536 failed: HTTP 401
  ! photo 34C1270#1: GET /part/zp/35373538363735353536353b35343833353435343536 failed: HTTP 401
  ! photo 34C3180#1: GET /part/zp/35373538363735373535356335343833353435343535 failed: HTTP 401
  ! photo 34C8170#1: GET /part/zp/35373538363735633535353b35343833353435343536 failed: HTTP 401
  ! photo 35C0445#1: GET /part/zp/35373539363735343538353835393833353435343536 failed: HTTP 401
  ! photo 35C0827#1: GET /part/zp/353735393637353435633536353b3833353435343536 failed: HTTP 401
  ! photo 35C0827#1: GET /part/zp/353735393637353435633536353b3833353435343536 failed: HTTP 401
  ! photo 35C1047#1: GET /part/zp/353735393637353535343538353b3833353435343536 failed: HTTP 401
  ! photo 36B0009#1: GET /part/zp/3537353a363635343534353435643833353435343536 failed: HTTP 401
  ! photo 36B0009#1: GET /part/zp/3537353a363635343534353435643833353435343536 failed: HTTP 401
  ! photo 36B0302#1: GET /part/zp/3537353a363635343537353435363833353435343537 failed: HTTP 401
  ! photo 36B0320#1: GET /part/zp/3537353a363635343537353635343833353435343537 failed: HTTP 401
  ! photo 36B0527#2: GET /part/zp/3537353a3636353435393536353b3833353435343537 failed: HTTP 401
  ! photo 36B0527#1: GET /part/zp/3537353a3636353435393536353b3833353435343536 failed: HTTP 401
  ! photo 36B0527#1: GET /part/zp/3537353a3636353435393536353b3833353435343536 failed: HTTP 401
  ! photo 36B0527#2: GET /part/zp/3537353a3636353435393536353b3833353435343537 failed: HTTP 401
  ! photo 36B0527#1: GET /part/zp/3537353a3636353435393536353b3833353435343536 failed: HTTP 401
  ! photo 36B0527#2: GET /part/zp/3537353a3636353435393536353b3833353435343537 failed: HTTP 401
  ! photo 36B0666#1: GET /part/zp/3537353a36363534353a353a353a3833353435343536 failed: HTTP 401
  ! photo 36B0666#1: GET /part/zp/3537353a36363534353a353a353a3833353435343536 failed: HTTP 401
  ! photo 36B0666#1: GET /part/zp/3537353a36363534353a353a353a3833353435343536 failed: HTTP 401
  ! photo 36B0666#1: GET /part/zp/3537353a36363534353a353a353a3833353435343536 failed: HTTP 401
  ! photo 36B0666#1: GET /part/zp/3537353a36363534353a353a353a3833353435343536 failed: HTTP 401
  ! photo 36B0719#1: GET /part/zp/3537353a36363534353b353535643833353435343535 failed: HTTP 401
  ! photo 36B0719#2: GET /part/zp/3537353a36363534353b353535643833353435343536 failed: HTTP 401
  ! photo 36B0719#1: GET /part/zp/3537353a36363534353b353535643833353435343535 failed: HTTP 401
  ! photo 36B0719#1: GET /part/zp/3537353a36363534353b353535643833353435343535 failed: HTTP 401
  ! photo 36B0719#2: GET /part/zp/3537353a36363534353b353535643833353435343536 failed: HTTP 401
  ! photo 36B0719#2: GET /part/zp/3537353a36363534353b353535643833353435343536 failed: HTTP 401
  ! photo 36B0719#1: GET /part/zp/3537353a36363534353b353535643833353435343535 failed: HTTP 401
  ! photo 36B0719#2: GET /part/zp/3537353a36363534353b353535643833353435343536 failed: HTTP 401
  ! photo 36B0719#1: GET /part/zp/3537353a36363534353b353535643833353435343535 failed: HTTP 401
  ! photo 36B0719#2: GET /part/zp/3537353a36363534353b353535643833353435343536 failed: HTTP 401
  ! photo 36B0719#1: GET /part/zp/3537353a36363534353b353535643833353435343535 failed: HTTP 401
  ! photo 36B0719#2: GET /part/zp/3537353a36363534353b353535643833353435343536 failed: HTTP 401
  ! photo 36B0746#1: GET /part/zp/3537353a36363534353b3538353a3833353435343537 failed: HTTP 401
  ! photo 36B0746#1: GET /part/zp/3537353a36363534353b3538353a3833353435343537 failed: HTTP 401
  ! photo 36B0746#1: GET /part/zp/3537353a36363534353b3538353a3833353435343537 failed: HTTP 401
  ! photo 36B0746#1: GET /part/zp/3537353a36363534353b3538353a3833353435343537 failed: HTTP 401
  ! photo 36B0847#1: GET /part/zp/3537353a3636353435633538353b3833353435343536 failed: HTTP 401
  ! photo 36B0847#1: GET /part/zp/3537353a3636353435633538353b3833353435343536 failed: HTTP 401
  ! photo 36B0847#1: GET /part/zp/3537353a3636353435633538353b3833353435343536 failed: HTTP 401
  ! photo 36B1066#1: GET /part/zp/3537353a363635353534353a353a3833353435343536 failed: HTTP 401
  ! photo 36B1066#1: GET /part/zp/3537353a363635353534353a353a3833353435343536 failed: HTTP 401
  ! photo 36B1066#1: GET /part/zp/3537353a363635353534353a353a3833353435343536 failed: HTTP 401
  ! photo 36B1072#1: GET /part/zp/3537353a363635353534353b35363833353435343535 failed: HTTP 401
  ! photo 36B1072#1: GET /part/zp/3537353a363635353534353b35363833353435343535 failed: HTTP 401
  ! photo 36B1072#1: GET /part/zp/3537353a363635353534353b35363833353435343535 failed: HTTP 401
  ! photo 36B1072#1: GET /part/zp/3537353a363635353534353b35363833353435343535 failed: HTTP 401
  ! photo 36B1072#1: GET /part/zp/3537353a363635353534353b35363833353435343535 failed: HTTP 401
  ! photo 36B1074#1: GET /part/zp/3537353a363635353534353b35383833353435343536 failed: HTTP 401
  ! photo 36B1074#1: GET /part/zp/3537353a363635353534353b35383833353435343536 failed: HTTP 401
  ! photo 36B1074#1: GET /part/zp/3537353a363635353534353b35383833353435343536 failed: HTTP 401
  ! photo 36B1099#1: GET /part/zp/3537353a363635353534356435643833353435343536 failed: HTTP 401
  ! photo 36B1099#1: GET /part/zp/3537353a363635353534356435643833353435343536 failed: HTTP 401
  ! photo 36B1099#1: GET /part/zp/3537353a363635353534356435643833353435343536 failed: HTTP 401
  ! photo 36B1104#1: GET /part/zp/3537353a363635353535353435383833353435343536 failed: HTTP 401
  ! photo 36B1104#1: GET /part/zp/3537353a363635353535353435383833353435343536 failed: HTTP 401
  ! photo 36B1104#1: GET /part/zp/3537353a363635353535353435383833353435343536 failed: HTTP 401
  ! photo 36B1105#1: GET /part/zp/3537353a363635353535353435393833353435343536 failed: HTTP 401
  ! photo 36B1105#1: GET /part/zp/3537353a363635353535353435393833353435343536 failed: HTTP 401
  ! photo 36B1105#1: GET /part/zp/3537353a363635353535353435393833353435343536 failed: HTTP 401
  ! photo 36B1106#1: GET /part/zp/3537353a3636353535353534353a3833353435343537 failed: HTTP 401
  ! photo 36B1106#1: GET /part/zp/3537353a3636353535353534353a3833353435343537 failed: HTTP 401
  ! photo 36B1106#1: GET /part/zp/3537353a3636353535353534353a3833353435343537 failed: HTTP 401
  ! photo 36B1107#1: GET /part/zp/3537353a3636353535353534353b3833353435343535 failed: HTTP 401
  ! photo 36B1107#1: GET /part/zp/3537353a3636353535353534353b3833353435343535 failed: HTTP 401
  ! photo 36B1107#1: GET /part/zp/3537353a3636353535353534353b3833353435343535 failed: HTTP 401
  ! photo 36B1107#1: GET /part/zp/3537353a3636353535353534353b3833353435343535 failed: HTTP 401
  ! photo 36B1107#1: GET /part/zp/3537353a3636353535353534353b3833353435343535 failed: HTTP 401
  ! photo 36B1143#1: GET /part/zp/3537353a363635353535353835373833353435343536 failed: HTTP 401
  ! photo 36B1595#1: GET /part/zp/3537353a363635353539356435393833353435343536 failed: HTTP 401
  ! photo 36B1595#1: GET /part/zp/3537353a363635353539356435393833353435343536 failed: HTTP 401
  ! photo 36B1595#1: GET /part/zp/3537353a363635353539356435393833353435343536 failed: HTTP 401
  ! photo 36B1632#1: GET /part/zp/3537353a36363535353a353735363833353435343536 failed: HTTP 401
  ! photo 36B1632#1: GET /part/zp/3537353a36363535353a353735363833353435343536 failed: HTTP 401
  ! photo 36B1632#1: GET /part/zp/3537353a36363535353a353735363833353435343536 failed: HTTP 401
  ! photo 37B0004#1: GET /part/zp/3537353b363635343534353435383833353435343535 failed: HTTP 401
  ! photo 37B0004#1: GET /part/zp/3537353b363635343534353435383833353435343535 failed: HTTP 401
  ! photo 37B0004#1: GET /part/zp/3537353b363635343534353435383833353435343535 failed: HTTP 401
  ! photo 37B0004#1: GET /part/zp/3537353b363635343534353435383833353435343535 failed: HTTP 401
  ! photo 37B0004#1: GET /part/zp/3537353b363635343534353435383833353435343535 failed: HTTP 401
  photos 1600/1866
  ! photo 37B0004#1: GET /part/zp/3537353b363635343534353435383833353435343535 failed: HTTP 401
  ! photo 37B0004#1: GET /part/zp/3537353b363635343534353435383833353435343535 failed: HTTP 401
  ! photo 37B0004#1: GET /part/zp/3537353b363635343534353435383833353435343535 failed: HTTP 401
  ! photo 37B0004#1: GET /part/zp/3537353b363635343534353435383833353435343535 failed: HTTP 401
  ! photo 37B0004#1: GET /part/zp/3537353b363635343534353435383833353435343535 failed: HTTP 401
  ! photo 37B0004#1: GET /part/zp/3537353b363635343534353435383833353435343535 failed: HTTP 401
  ! photo 37B0010#1: GET /part/zp/3537353b363635343534353535343833353435343536 failed: HTTP 401
  ! photo 37B0010#1: GET /part/zp/3537353b363635343534353535343833353435343536 failed: HTTP 401
  ! photo 37B0108#1: GET /part/zp/3537353b363635343535353435633833353435343535 failed: HTTP 401
  ! photo 37B0472#1: GET /part/zp/3537353b363635343538353b35363833353435343538 failed: HTTP 401
  ! photo 37B0709#1: GET /part/zp/3537353b36363534353b353435643833353435343536 failed: HTTP 401
  ! photo 37B0709#1: GET /part/zp/3537353b36363534353b353435643833353435343536 failed: HTTP 401
  ! photo 37B0709#1: GET /part/zp/3537353b36363534353b353435643833353435343536 failed: HTTP 401
  ! photo 37B0710#1: GET /part/zp/3537353b36363534353b353535343833353435343535 failed: HTTP 401
  ! photo 37B0710#2: GET /part/zp/3537353b36363534353b353535343833353435343536 failed: HTTP 401
  ! photo 37B0710#1: GET /part/zp/3537353b36363534353b353535343833353435343535 failed: HTTP 401
  ! photo 37B0710#2: GET /part/zp/3537353b36363534353b353535343833353435343536 failed: HTTP 401
  ! photo 37B0710#1: GET /part/zp/3537353b36363534353b353535343833353435343535 failed: HTTP 401
  ! photo 37B0710#2: GET /part/zp/3537353b36363534353b353535343833353435343536 failed: HTTP 401
  ! photo 37B0710#1: GET /part/zp/3537353b36363534353b353535343833353435343535 failed: HTTP 401
  ! photo 37B0710#2: GET /part/zp/3537353b36363534353b353535343833353435343536 failed: HTTP 401
  ! photo 37B0710#1: GET /part/zp/3537353b36363534353b353535343833353435343535 failed: HTTP 401
  ! photo 37B0710#2: GET /part/zp/3537353b36363534353b353535343833353435343536 failed: HTTP 401
  ! photo 37B0710#1: GET /part/zp/3537353b36363534353b353535343833353435343535 failed: HTTP 401
  ! photo 37B0710#2: GET /part/zp/3537353b36363534353b353535343833353435343536 failed: HTTP 401
  ! photo 37B0710#1: GET /part/zp/3537353b36363534353b353535343833353435343535 failed: HTTP 401
  ! photo 37B0710#2: GET /part/zp/3537353b36363534353b353535343833353435343536 failed: HTTP 401
  ! photo 37B0749#1: GET /part/zp/3537353b36363534353b353835643833353435343538 failed: HTTP 401
  ! photo 37B0749#1: GET /part/zp/3537353b36363534353b353835643833353435343538 failed: HTTP 401
  ! photo 37B0776#1: GET /part/zp/3537353b36363534353b353b353a3833353435343535 failed: HTTP 401
  ! photo 37B0749#1: GET /part/zp/3537353b36363534353b353835643833353435343538 failed: HTTP 401
  ! photo 37B0776#2: GET /part/zp/3537353b36363534353b353b353a3833353435343536 failed: HTTP 401
  ! photo 37B0776#2: GET /part/zp/3537353b36363534353b353b353a3833353435343536 failed: HTTP 401
  ! photo 37B0776#1: GET /part/zp/3537353b36363534353b353b353a3833353435343535 failed: HTTP 401
  ! photo 37B0776#1: GET /part/zp/3537353b36363534353b353b353a3833353435343535 failed: HTTP 401
  ! photo 37B0777#1: GET /part/zp/3537353b36363534353b353b353b3833353435343535 failed: HTTP 401
  ! photo 37B0776#2: GET /part/zp/3537353b36363534353b353b353a3833353435343536 failed: HTTP 401
  ! photo 37B0777#2: GET /part/zp/3537353b36363534353b353b353b3833353435343536 failed: HTTP 401
  ! photo 37B0777#1: GET /part/zp/3537353b36363534353b353b353b3833353435343535 failed: HTTP 401
  ! photo 37B0777#2: GET /part/zp/3537353b36363534353b353b353b3833353435343536 failed: HTTP 401
  ! photo 37B0777#1: GET /part/zp/3537353b36363534353b353b353b3833353435343535 failed: HTTP 401
  ! photo 37B0777#2: GET /part/zp/3537353b36363534353b353b353b3833353435343536 failed: HTTP 401
  ! photo 37B0777#1: GET /part/zp/3537353b36363534353b353b353b3833353435343535 failed: HTTP 401
  ! photo 37B0777#2: GET /part/zp/3537353b36363534353b353b353b3833353435343536 failed: HTTP 401
  ! photo 37B0915#2: GET /part/zp/3537353b363635343564353535393833353435343535 failed: HTTP 401
  ! photo 37B0915#1: GET /part/zp/3537353b3636353435643535353938333536 failed: HTTP 401
  ! photo 37B0915#1: GET /part/zp/3537353b3636353435643535353938333536 failed: HTTP 401
  ! photo 37B0915#2: GET /part/zp/3537353b363635343564353535393833353435343535 failed: HTTP 401
  ! photo 37B0915#1: GET /part/zp/3537353b3636353435643535353938333536 failed: HTTP 401
  ! photo 37B0915#2: GET /part/zp/3537353b363635343564353535393833353435343535 failed: HTTP 401
  ! photo 37B0915#1: GET /part/zp/3537353b3636353435643535353938333536 failed: HTTP 401
  ! photo 37B0915#2: GET /part/zp/3537353b363635343564353535393833353435343535 failed: HTTP 401
  ! photo 37B0915#1: GET /part/zp/3537353b3636353435643535353938333536 failed: HTTP 401
  ! photo 37B0915#2: GET /part/zp/3537353b363635343564353535393833353435343535 failed: HTTP 401
  ! photo 37B0915#1: GET /part/zp/3537353b3636353435643535353938333536 failed: HTTP 401
  ! photo 37B0915#2: GET /part/zp/3537353b363635343564353535393833353435343535 failed: HTTP 401
  ! photo 37B0915#1: GET /part/zp/3537353b3636353435643535353938333536 failed: HTTP 401
  ! photo 37B0915#2: GET /part/zp/3537353b363635343564353535393833353435343535 failed: HTTP 401
  ! photo 37B0935#1: GET /part/zp/3537353b363635343564353735393833353435343535 failed: HTTP 401
  ! photo 37B0935#2: GET /part/zp/3537353b363635343564353735393833353435343536 failed: HTTP 401
  ! photo 37B0935#1: GET /part/zp/3537353b363635343564353735393833353435343535 failed: HTTP 401
  ! photo 37B0935#2: GET /part/zp/3537353b363635343564353735393833353435343536 failed: HTTP 401
  ! photo 37B0935#1: GET /part/zp/3537353b363635343564353735393833353435343535 failed: HTTP 401
  ! photo 37B0935#2: GET /part/zp/3537353b363635343564353735393833353435343536 failed: HTTP 401
  ! photo 37B0935#1: GET /part/zp/3537353b363635343564353735393833353435343535 failed: HTTP 401
  ! photo 37B0935#2: GET /part/zp/3537353b363635343564353735393833353435343536 failed: HTTP 401
  ! photo 37B1429#1: GET /part/zp/3537353b363635353538353635643833353435343535 failed: HTTP 401
  ! photo 37B1429#2: GET /part/zp/3537353b363635353538353635643833353435343536 failed: HTTP 401
  ! photo 37B1457#1: GET /part/zp/3537353b3636353535383539353b3833353435343536 failed: HTTP 401
  ! photo 37B2016#1: GET /part/zp/3537353b3636353635343535353a3833353435343536 failed: HTTP 401
  ! photo 37B2018#1: GET /part/zp/3537353b363635363534353535633833353435343536 failed: HTTP 401
  ! photo 37B2020#1: GET /part/zp/3537353b363635363534353635343833353435343536 failed: HTTP 401
  ! photo 37B2019#1: GET /part/zp/3537353b363635363534353535643833353435343536 failed: HTTP 401
  ! photo 37B2025#1: GET /part/zp/3537353b363635363534353635393833353435343536 failed: HTTP 401
  ! photo 38B0101#1: GET /part/zp/35373563363635343535353435353833353435343535 failed: HTTP 401
  ! photo 38B0101#2: GET /part/zp/35373563363635343535353435353833353435343536 failed: HTTP 401
  ! photo 38B0101#1: GET /part/zp/35373563363635343535353435353833353435343535 failed: HTTP 401
  ! photo 38B0101#2: GET /part/zp/35373563363635343535353435353833353435343536 failed: HTTP 401
  ! photo 38B0101#1: GET /part/zp/35373563363635343535353435353833353435343535 failed: HTTP 401
  ! photo 38B0101#2: GET /part/zp/35373563363635343535353435353833353435343536 failed: HTTP 401
  ! photo 40B0013#1: GET /part/zp/35383534363635343534353535373833353435343536 failed: HTTP 401
  ! photo 40B0015#1: GET /part/zp/35383534363635343534353535393833353435343536 failed: HTTP 401
  ! photo 40C0896#1: GET /part/zp/353835343637353435633564353a3833353435343535 failed: HTTP 401
  ! photo 40C1000#2: GET /part/zp/35383534363735353534353435343833353435343537 failed: HTTP 401
  ! photo 40C1000#1: GET /part/zp/35383534363735353534353435343833353435343536 failed: HTTP 401
  ! photo 40C1000#1: GET /part/zp/35383534363735353534353435343833353435343536 failed: HTTP 401
  ! photo 40C1000#2: GET /part/zp/35383534363735353534353435343833353435343537 failed: HTTP 401
  ! photo 40C1778#1: GET /part/zp/3538353436373535353b353b35633833353435343536 failed: HTTP 401
  ! photo 40C1778#1: GET /part/zp/3538353436373535353b353b35633833353435343536 failed: HTTP 401
  ! photo 40C1778#1: GET /part/zp/3538353436373535353b353b35633833353435343536 failed: HTTP 401
  ! photo 40C2954#1: GET /part/zp/35383534363735363564353935383833353435343536 failed: HTTP 401
  ! photo 40C3088#1: GET /part/zp/35383534363735373534356335633833353435343536 failed: HTTP 401
  ! photo 44C0231#1: GET /part/zp/35383538363735343536353735353833353435343536 failed: HTTP 401
  ! photo 44C1867#1: GET /part/zp/35383538363735353563353a353b3833353435343536 failed: HTTP 401
  ! photo 44C1867#2: GET /part/zp/35383538363735353563353a353b3833353435343537 failed: HTTP 401
  ! photo 44C1867#2: GET /part/zp/35383538363735353563353a353b3833353435343537 failed: HTTP 401
  ! photo 44C1867#1: GET /part/zp/35383538363735353563353a353b3833353435343536 failed: HTTP 401
  ! photo 44C1867#1: GET /part/zp/35383538363735353563353a353b3833353435343536 failed: HTTP 401
  ! photo 44C1867#2: GET /part/zp/35383538363735353563353a353b3833353435343537 failed: HTTP 401
  ! photo 44C2104#1: GET /part/zp/35383538363735363535353435383833353435343536 failed: HTTP 401
  photos 1700/1866
  ! photo 44C2104#1: GET /part/zp/35383538363735363535353435383833353435343536 failed: HTTP 401
  ! photo 46C0752#1: GET /part/zp/3538353a36373534353b353935363833353435343538 failed: HTTP 401
  ! photo 44C2104#1: GET /part/zp/35383538363735363535353435383833353435343536 failed: HTTP 401
  ! photo 46C0752#1: GET /part/zp/3538353a36373534353b353935363833353435343538 failed: HTTP 401
  ! photo 46C0759#1: GET /part/zp/3538353a36373534353b353935643833353435343535 failed: HTTP 401
  ! photo 46C0759#2: GET /part/zp/3538353a36373534353b353935643833353435343536 failed: HTTP 401
  ! photo 46C0759#1: GET /part/zp/3538353a36373534353b353935643833353435343535 failed: HTTP 401
  ! photo 46C6765#1: GET /part/zp/3538353a3637353a353b353a35393833353435343536 failed: HTTP 401
  ! photo 46C0759#2: GET /part/zp/3538353a36373534353b353935643833353435343536 failed: HTTP 401
  ! photo 46C6765#2: GET /part/zp/3538353a3637353a353b353a35393833353435343537 failed: HTTP 401
  ! photo 47C0436#1: GET /part/zp/3538353b3637353435383537353a3833353435343536 failed: HTTP 401
  ! photo 47C0436#2: GET /part/zp/3538353b3637353435383537353a3833353435343537 failed: HTTP 401
  ! photo 47C0436#1: GET /part/zp/3538353b3637353435383537353a3833353435343536 failed: HTTP 401
  ! photo 47C0612#1: GET /part/zp/3538353b36373534353a353535363833353435343535 failed: HTTP 401
  ! photo 47C0436#2: GET /part/zp/3538353b3637353435383537353a3833353435343537 failed: HTTP 401
  ! photo 47C0612#1: GET /part/zp/3538353b36373534353a353535363833353435343535 failed: HTTP 401
  ! photo 47C1885#1: GET /part/zp/3538353b363735353563356335393833353435343535 failed: HTTP 401
  ! photo 47C1885#2: GET /part/zp/3538353b363735353563356335393833353435343536 failed: HTTP 401
  ! photo 47C1890#1: GET /part/zp/3538353b363735353563356435343833353435343536 failed: HTTP 401
  ! photo 49C3513#1: GET /part/zp/35383564363735373539353535373833353435343536 failed: HTTP 401
  ! photo 47C1890#1: GET /part/zp/3538353b363735353563356435343833353435343536 failed: HTTP 401
  ! photo 49C3515#1: GET /part/zp/35383564363735373539353535393833353435343536 failed: HTTP 401
  ! photo 49D7875#1: GET /part/zp/353835643638353b3563353b3539 failed: HTTP 401
  ! photo 49D8615#1: GET /part/zp/3538356436383563353a35353539 failed: HTTP 401
  ! photo 50B0316#1: GET /part/zp/353935343636353435373535353a3833353435343536 failed: HTTP 401
  ! photo 52B0015#1: GET /part/zp/35393536363635343534353535393833353435343536 failed: HTTP 401
  ! photo 52B0018#1: GET /part/zp/35393536363635343534353535633833353435343536 failed: HTTP 401
  ! photo 52B0226#1: GET /part/zp/353935363636353435363536353a3833353435343536 failed: HTTP 401
  ! photo 52B0263#1: GET /part/zp/35393536363635343536353a35373833353435343536 failed: HTTP 401
  ! photo 55A5136#1: GET /part/zp/353935393635353935353537353a3833353435343536 failed: HTTP 401
  ! photo 55A5136#1: GET /part/zp/353935393635353935353537353a3833353435343536 failed: HTTP 401
  ! photo 55A5136#1: GET /part/zp/353935393635353935353537353a3833353435343536 failed: HTTP 401
  ! photo 55G6900#1: GET /part/zp/35393539363b353a356435343534 failed: HTTP 401
  ! photo 57A1701#1: GET /part/zp/3539353b36353535353b353435353833353435343536 failed: HTTP 401
  ! photo 57A1702#1: GET /part/zp/3539353b36353535353b353435363833353435343536 failed: HTTP 401
  ! photo 58A1679#1: GET /part/zp/3539356336353535353a353b35643833353435343536 failed: HTTP 401
  ! photo 63A0258#1: GET /part/zp/353a3537363535343536353935633833353435343536 failed: HTTP 401
  ! photo 63A0690#1: GET /part/zp/353a353736353534353a356435343833353435343536 failed: HTTP 401
  ! photo 63A0258#1: GET /part/zp/353a3537363535343536353935633833353435343536 failed: HTTP 401
  ! photo 63A0690#1: GET /part/zp/353a353736353534353a356435343833353435343536 failed: HTTP 401
  ! photo 66C0107#1: GET /part/zp/353a353a3637353435353534353b3833353435343536 failed: HTTP 401
  ! photo 66C0126#1: GET /part/zp/353a353a3637353435353536353a3833353435343536 failed: HTTP 401
  ! photo 66C1289#1: GET /part/zp/353a353a363735353536356335643833353435343536 failed: HTTP 401
  ! photo 66C1655#1: GET /part/zp/353a353a36373535353a353935393833353435343536 failed: HTTP 401
  ! photo 72A0465#1: GET /part/zp/353b3536363535343538353a35393833353435343536 failed: HTTP 401
  ! photo 72A0465#2: GET /part/zp/353b3536363535343538353a35393833353435343537 failed: HTTP 401
  ! photo 72A0465#1: GET /part/zp/353b3536363535343538353a35393833353435343536 failed: HTTP 401
  ! photo 72A0465#2: GET /part/zp/353b3536363535343538353a35393833353435343537 failed: HTTP 401
  ! photo 72A0465#1: GET /part/zp/353b3536363535343538353a35393833353435343536 failed: HTTP 401
  ! photo 72A0465#2: GET /part/zp/353b3536363535343538353a35393833353435343537 failed: HTTP 401
  ! photo 72A0465#1: GET /part/zp/353b3536363535343538353a35393833353435343536 failed: HTTP 401
  ! photo 72A0465#2: GET /part/zp/353b3536363535343538353a35393833353435343537 failed: HTTP 401
  ! photo 72A0628#1: GET /part/zp/353b353636353534353a353635633833353435343535 failed: HTTP 401
  ! photo 72A0628#2: GET /part/zp/353b353636353534353a353635633833353435343537 failed: HTTP 401
  ! photo 74A1395#1: GET /part/zp/353b3538363535353537356435393833353435343536 failed: HTTP 401
  ! photo 74A2808#1: GET /part/zp/353b3538363535363563353435633833353435343536 failed: HTTP 401
  ! photo 74A1658#1: GET /part/zp/353b353836353535353a353935633833353435343535 failed: HTTP 401
  ! photo 74A2864#1: GET /part/zp/353b3538363535363563353a35383833353435343536 failed: HTTP 401
  ! photo 74A2864#1: GET /part/zp/353b3538363535363563353a35383833353435343536 failed: HTTP 401
  ! photo 74A3079#1: GET /part/zp/353b3538363535373534353b35643833353435343536 failed: HTTP 401
  ! photo 74A3161#1: GET /part/zp/353b3538363535373535353a35353833353435343536 failed: HTTP 401
  ! photo 74A3192#1: GET /part/zp/353b3538363535373535356435363833353435343535 failed: HTTP 401
  ! photo 74A3631#1: GET /part/zp/353b353836353537353a353735353833353435343535 failed: HTTP 401
  ! photo 75A0956#1: GET /part/zp/353b35393635353435643539353a3833353435343536 failed: HTTP 401
  ! photo 82A0283#1: GET /part/zp/35633536363535343536356335373833353435343536 failed: HTTP 401
  ! photo 82A0283#1: GET /part/zp/35633536363535343536356335373833353435343536 failed: HTTP 401
  ! photo 82A0452#1: GET /part/zp/35633536363535343538353935363833353435343535 failed: HTTP 401
  ! photo 82A1023#1: GET /part/zp/35633536363535353534353635373833353435343535 failed: HTTP 401
  ! photo 82A0452#2: GET /part/zp/35633536363535343538353935363833353435343536 failed: HTTP 401
  ! photo 82A1023#1: GET /part/zp/35633536363535353534353635373833353435343535 failed: HTTP 401
  ! photo 83A0009#1: GET /part/zp/35633537363535343534353435643833353435343535 failed: HTTP 401
  ! photo 83A0011#1: GET /part/zp/35633537363535343534353535353833353435343536 failed: HTTP 401
  ! photo 83A0011#1: GET /part/zp/35633537363535343534353535353833353435343536 failed: HTTP 401
  ! photo 83A0011#1: GET /part/zp/35633537363535343534353535353833353435343536 failed: HTTP 401
  ! photo 83A0135#1: GET /part/zp/35633537363535343535353735393833353435343535 failed: HTTP 401
  ! photo 83A0152#1: GET /part/zp/35633537363535343535353935363833353435343536 failed: HTTP 401
  ! photo 83A0216#1: GET /part/zp/356335373635353435363535353a3833353435343535 failed: HTTP 401
  ! photo 83A0266#1: GET /part/zp/35633537363535343536353a353a3833353435343535 failed: HTTP 401
  ! photo 83A0267#1: GET /part/zp/35633537363535343536353a353b3833353435343535 failed: HTTP 401
  ! photo 83A0267#1: GET /part/zp/35633537363535343536353a353b3833353435343535 failed: HTTP 401
  ! photo 83A0302#1: GET /part/zp/35633537363535343537353435363833353435343535 failed: HTTP 401
  ! photo 83A0702#1: GET /part/zp/3563353736353534353b353435363833353435343535 failed: HTTP 401
  ! photo 83A0702#2: GET /part/zp/3563353736353534353b353435363833353435343536 failed: HTTP 401
  ! photo 83A0702#1: GET /part/zp/3563353736353534353b353435363833353435343535 failed: HTTP 401
  ! photo 83A0702#1: GET /part/zp/3563353736353534353b353435363833353435343535 failed: HTTP 401
  ! photo 83A0702#2: GET /part/zp/3563353736353534353b353435363833353435343536 failed: HTTP 401
  ! photo 83A0702#2: GET /part/zp/3563353736353534353b353435363833353435343536 failed: HTTP 401
  ! photo 83A0702#1: GET /part/zp/3563353736353534353b353435363833353435343535 failed: HTTP 401
  ! photo 83A0702#2: GET /part/zp/3563353736353534353b353435363833353435343536 failed: HTTP 401
  ! photo 83A0702#1: GET /part/zp/3563353736353534353b353435363833353435343535 failed: HTTP 401
  ! photo 83A0702#2: GET /part/zp/3563353736353534353b353435363833353435343536 failed: HTTP 401
  ! photo 83A1236#1: GET /part/zp/356335373635353535363537353a3833353435343536 failed: HTTP 401
  ! photo 83A1397#1: GET /part/zp/356335373635353535373564353b3833353435343536 failed: HTTP 401
  ! photo 83A1398#1: GET /part/zp/35633537363535353537356435633833353435343536 failed: HTTP 401
  ! photo 83A1399#1: GET /part/zp/35633537363535353537356435643833353435343536 failed: HTTP 401
  ! photo 83A1581#1: GET /part/zp/35633537363535353539356335353833353435343536 failed: HTTP 401
  ! photo 83A1581#2: GET /part/zp/35633537363535353539356335353833353435343537 failed: HTTP 401
  ! photo 83A1581#1: GET /part/zp/35633537363535353539356335353833353435343536 failed: HTTP 401
  ! photo 83A1581#2: GET /part/zp/35633537363535353539356335353833353435343537 failed: HTTP 401
  ! photo 83A1591#1: GET /part/zp/35633537363535353539356435353833353435343535 failed: HTTP 401
  photos 1800/1866
  ! photo 83A1591#1: GET /part/zp/35633537363535353539356435353833353435343535 failed: HTTP 401
  ! photo 83A1598#1: GET /part/zp/35633537363535353539356435633833353435343536 failed: HTTP 401
  ! photo 83A1717#1: GET /part/zp/3563353736353535353b3535353b3833353435343536 failed: HTTP 401
  ! photo 83A1717#2: GET /part/zp/3563353736353535353b3535353b3833353435343537 failed: HTTP 401
  ! photo 83A1717#1: GET /part/zp/3563353736353535353b3535353b3833353435343536 failed: HTTP 401
  ! photo 83A1717#2: GET /part/zp/3563353736353535353b3535353b3833353435343537 failed: HTTP 401
  ! photo 83A2255#1: GET /part/zp/35633537363535363536353935393833353435343536 failed: HTTP 401
  ! photo 83A2255#1: GET /part/zp/35633537363535363536353935393833353435343536 failed: HTTP 401
  ! photo 84A0231#1: GET /part/zp/35633538363535343536353735353833353435343536 failed: HTTP 401
  ! photo 84A0231#1: GET /part/zp/35633538363535343536353735353833353435343536 failed: HTTP 401
  ! photo 84A0231#1: GET /part/zp/35633538363535343536353735353833353435343536 failed: HTTP 401
  ! photo 84A0984#1: GET /part/zp/35633538363535343564356335383833353435343535 failed: HTTP 401
  ! photo 84A0985#1: GET /part/zp/35633538363535343564356335393833353435343535 failed: HTTP 401
  ! photo 84A1963#1: GET /part/zp/35633538363535353564353a35373833353435343536 failed: HTTP 401
  ! photo 84A3283#1: GET /part/zp/35633538363535373536356335373833353435343536 failed: HTTP 401
  ! photo 84A1963#2: GET /part/zp/35633538363535353564353a35373833353435343537 failed: HTTP 401
  ! photo 84A3283#1: GET /part/zp/35633538363535373536356335373833353435343536 failed: HTTP 401
  ! photo 86A0258#1: GET /part/zp/3563353a363535343536353935633833353435343535 failed: HTTP 401
  ! photo 86A0258#1: GET /part/zp/3563353a363535343536353935633833353435343535 failed: HTTP 401
  ! photo 86A0258#1: GET /part/zp/3563353a363535343536353935633833353435343535 failed: HTTP 401
  ! photo 86A0258#1: GET /part/zp/3563353a363535343536353935633833353435343535 failed: HTTP 401
  ! photo 86A0258#1: GET /part/zp/3563353a363535343536353935633833353435343535 failed: HTTP 401
  ! photo 86A0563#1: GET /part/zp/3563353a363535343539353a35373833353435343536 failed: HTTP 401
  ! photo 86A0563#1: GET /part/zp/3563353a363535343539353a35373833353435343536 failed: HTTP 401
  ! photo 86A0563#1: GET /part/zp/3563353a363535343539353a35373833353435343536 failed: HTTP 401
  ! photo 86A0563#1: GET /part/zp/3563353a363535343539353a35373833353435343536 failed: HTTP 401
  ! photo 86A0563#1: GET /part/zp/3563353a363535343539353a35373833353435343536 failed: HTTP 401
  ! photo 86A1168#1: GET /part/zp/3563353a363535353535353a35633833353435343536 failed: HTTP 401
  ! photo 88A0085#1: GET /part/zp/35633563363535343534356335393833353435343536 failed: HTTP 401
  ! photo 88A0085#1: GET /part/zp/35633563363535343534356335393833353435343536 failed: HTTP 401
  ! photo 88A0085#1: GET /part/zp/35633563363535343534356335393833353435343536 failed: HTTP 401
  ! photo 88A0284#1: GET /part/zp/35633563363535343536356335383833353435343536 failed: HTTP 401
  ! photo 88A0962#1: GET /part/zp/35633563363535343564353a35363833353435343536 failed: HTTP 401
  ! photo 88A0962#2: GET /part/zp/35633563363535343564353a35363833353435343537 failed: HTTP 401
  ! photo 92A0038#1: GET /part/zp/35643536363535343534353735633833353435343536 failed: HTTP 401
  ! photo 92A1061#1: GET /part/zp/35643536363535353534353a35353833353435343536 failed: HTTP 401
  ! photo 92A1061#1: GET /part/zp/35643536363535353534353a35353833353435343536 failed: HTTP 401
  ! photo 92A1061#1: GET /part/zp/35643536363535353534353a35353833353435343536 failed: HTTP 401
  ! photo 92A1061#1: GET /part/zp/35643536363535353534353a35353833353435343536 failed: HTTP 401
  ! photo 92A1061#1: GET /part/zp/35643536363535353534353a35353833353435343536 failed: HTTP 401
  ! photo SP109476#1: GET /part/zp/373737343535353435643538353b353a3833353435343536 failed: HTTP 401
  ! photo SP115400#1: GET /part/zp/373737343535353535393538353435343833353435343535 failed: HTTP 401
  ! photo SP123739#1: GET /part/zp/37373734353535363537353b353735643833353435343536 failed: HTTP 401
  ! photo SP118815#1: GET /part/zp/373737343535353535633563353535393833353435343536 failed: HTTP 401
  ! photo SP134359#1: GET /part/zp/373737343535353735383537353935643833353435343536 failed: HTTP 401
  ! photo SP130883#1: GET /part/zp/373737343535353735343563356335373833353435343536 failed: HTTP 401
  ! photo SP136914#1: GET /part/zp/3737373435353537353a3564353535383833353435343536 failed: HTTP 401
  ! photo SP137171#1: GET /part/zp/3737373435353537353b3535353b35353833353435343536 failed: HTTP 401
  ! photo SP139565#1: GET /part/zp/373737343535353735643539353a35393833353435343536 failed: HTTP 401
  ! photo SP174736#1: GET /part/zp/373737343535353b3538353b3537353a failed: HTTP 401
  ! photo SP190097#1: GET /part/zp/3737373435353564353435343564353b3833353435343536 failed: HTTP 401
  ! photo SP190098#1: GET /part/zp/373737343535356435343534356435633833353435343536 failed: HTTP 401
  ! photo SP190093#1: GET /part/zp/373737343535356435343534356435373833353435343536 failed: HTTP 401
  ! photo SP282522#1: GET /part/zp/37373734353635633536353935363536 failed: HTTP 401
  ! photo SP283958#1: GET /part/zp/37373734353635633537356435393563 failed: HTTP 401
  ! photo SP283501#1: GET /part/zp/37373734353635633537353935343535 failed: HTTP 401
  ! photo SP299406#1: GET /part/zp/3737373435363564356435383534353a failed: HTTP 401
  ! photo SP284020#1: GET /part/zp/37373734353635633538353435363534 failed: HTTP 401
  ! photo SP299406#1: GET /part/zp/3737373435363564356435383534353a failed: HTTP 401
  ! photo SP299406#1: GET /part/zp/3737373435363564356435383534353a failed: HTTP 401
  ! photo SP299406#1: GET /part/zp/3737373435363564356435383534353a failed: HTTP 401
  ! photo SP299406#1: GET /part/zp/3737373435363564356435383534353a failed: HTTP 401
  ! photo SP299406#1: GET /part/zp/3737373435363564356435383534353a failed: HTTP 401
  ! photo SP299406#1: GET /part/zp/3737373435363564356435383534353a failed: HTTP 401
  ! photo SP299406#1: GET /part/zp/3737373435363564356435383534353a failed: HTTP 401
  ! photo SP299406#1: GET /part/zp/3737373435363564356435383534353a failed: HTTP 401
  photos done (1866 files)
