==========================================
=== CLG942EHKSE917908  Fri Sep 11 00:36:26 RTZ 2026
==========================================
machine CLG942EHKSE917908 -> 12F02860006B001  CLG942EHD 挖掘机
  legends: 493 (256 on this VIN)
  details+photos 50/2437
  details+photos 100/2437
  details+photos 150/2437
  details+photos 200/2437
  details+photos 250/2437
  details+photos 300/2437
  details+photos 350/2437
  details+photos 400/2437
  details+photos 450/2437
  details+photos 500/2437
  details+photos 550/2437
  details+photos 600/2437
  details+photos 650/2437
  details+photos 700/2437
  details+photos 750/2437
  details+photos 800/2437
  details+photos 850/2437
  details+photos 900/2437
  details+photos 950/2437
  details+photos 1000/2437
  details+photos 1050/2437
  details+photos 1100/2437
  details+photos 1150/2437
  details+photos 1200/2437
  details+photos 1250/2437
  details+photos 1300/2437
  details+photos 1350/2437
  details+photos 1400/2437
  details+photos 1450/2437
  details+photos 1500/2437
  details+photos 1550/2437
  details+photos 1600/2437
  details+photos 1650/2437
  details+photos 1700/2437
  details+photos 1750/2437
  details+photos 1800/2437
  details+photos 1850/2437
  details+photos 1900/2437
  details+photos 1950/2437
  details+photos 2000/2437
  details+photos 2050/2437
  details+photos 2100/2437
  details+photos 2150/2437
  details+photos 2200/2437
  details+photos 2250/2437
  details+photos 2300/2437
  details+photos 2350/2437
  details+photos 2400/2437
  details+photos done
machine CLG942EHKSE917908 -> 12F02860006B001  CLG942EHD 挖掘机
  legends: 493 (256 on this VIN)
  details+photos 50/2437
  details+photos 100/2437
  details+photos 150/2437
  details+photos 200/2437
  details+photos 250/2437
  details+photos 300/2437
  details+photos 350/2437
  details+photos 400/2437
  details+photos 450/2437
  details+photos 500/2437
  details+photos 550/2437
  details+photos 600/2437
  details+photos 650/2437
  details+photos 700/2437
  details+photos 750/2437
  details+photos 800/2437
  details+photos 850/2437
  details+photos 900/2437
  details+photos 950/2437
  details+photos 1000/2437
  details+photos 1050/2437
  details+photos 1100/2437
  details+photos 1150/2437
  details+photos 1200/2437
  details+photos 1250/2437
  details+photos 1300/2437
  details+photos 1350/2437
  details+photos 1400/2437
  details+photos 1450/2437
  details+photos 1500/2437
  details+photos 1550/2437
  details+photos 1600/2437
  details+photos 1650/2437
  details+photos 1700/2437
  details+photos 1750/2437
  details+photos 1800/2437
  details+photos 1850/2437
  details+photos 1900/2437
  details+photos 1950/2437
  details+photos 2000/2437
  details+photos 2050/2437
  details+photos 2100/2437
  details+photos 2150/2437
  details+photos 2200/2437
  details+photos 2250/2437
  details+photos 2300/2437
  details+photos 2350/2437
  details+photos 2400/2437
  details+photos done
==========================================
=== CLG890HZTSL831819  Fri Sep 11 01:00:22 RTZ 2026
==========================================
machine CLG890HZTSL831819 -> 68F00030217B001  CLG890H 轮式装载机
  legends: 1034 (569 on this VIN)
  details+photos 50/4258
  details+photos 100/4258
  details+photos 150/4258
  details+photos 200/4258
  details+photos 250/4258
  details+photos 300/4258
  details+photos 350/4258
  details+photos 400/4258
  details+photos 450/4258
  details+photos 500/4258
  details+photos 550/4258
  details+photos 600/4258
  details+photos 650/4258
  details+photos 700/4258
  details+photos 750/4258
  details+photos 800/4258
  details+photos 850/4258
  details+photos 900/4258
  details+photos 950/4258
  details+photos 1000/4258
  details+photos 1050/4258
  details+photos 1100/4258
  details+photos 1150/4258
  ! photo 30C0266#1: GET /part/zp/35373534363735343536353a353a383335343534353638333734393338393467 failed: HTTP 401
  ! photo 30C0275#1: GET /part/zp/35373534363735343536353b35393833353435343535 failed: HTTP 401
  ! photo 30C0266#2: GET /part/zp/35373534363735343536353a353a38333534353435373833 failed: HTTP 401
  ! photo 30C0276#1: GET /part/zp/35373534363735343536353b353a3833353435343535 failed: HTTP 401
  ! photo 30C0273#1: GET /part/zp/35373534363735343536353b35373833353435343535 failed: HTTP 401
  ! photo 30C0310#1: GET /part/zp/35373534363735343537353535343833353435343535 failed: HTTP 401
  ! photo 30C0316#1: GET /part/zp/353735343637353435373535353a38333534353435363833 failed: HTTP 401
  details+photos 1200/4258
  details+photos 1250/4258
!!! CLG890HZTSL831819 / details FAILED, retrying once
machine CLG890HZTSL831819 -> 68F00030217B001  CLG890H 轮式装载机
  legends: 1034 (569 on this VIN)
  details+photos 50/4258
  details+photos 100/4258
  details+photos 150/4258
  details+photos 200/4258
  details+photos 250/4258
  details+photos 300/4258
  details+photos 350/4258
  details+photos 400/4258
  details+photos 450/4258
  details+photos 500/4258
  details+photos 550/4258
  details+photos 600/4258
  details+photos 650/4258
  details+photos 700/4258
  details+photos 750/4258
  details+photos 800/4258
  details+photos 850/4258
  details+photos 900/4258
  details+photos 950/4258
  details+photos 1000/4258
  details+photos 1050/4258
  details+photos 1100/4258
  details+photos 1150/4258
  details+photos 1200/4258
  details+photos 1250/4258
  details+photos 1300/4258
  details+photos 1350/4258
  details+photos 1400/4258
  details+photos 1450/4258
  details+photos 1500/4258
  details+photos 1550/4258
  details+photos 1600/4258
  details+photos 1650/4258
  details+photos 1700/4258
  details+photos 1750/4258
  details+photos 1800/4258
  details+photos 1850/4258
  details+photos 1900/4258
  details+photos 1950/4258
  details+photos 2000/4258
  details+photos 2050/4258
  details+photos 2100/4258
  details+photos 2150/4258
  details+photos 2200/4258
  details+photos 2250/4258
  details+photos 2300/4258
  details+photos 2350/4258
  details+photos 2400/4258
  details+photos 2450/4258
  details+photos 2500/4258
  details+photos 2550/4258
  details+photos 2600/4258
  details+photos 2650/4258
  details+photos 2700/4258
  details+photos 2750/4258
  details+photos 2800/4258
  details+photos 2850/4258
  details+photos 2900/4258
  details+photos 2950/4258
  details+photos 3000/4258
  details+photos 3050/4258
  details+photos 3100/4258
  details+photos 3150/4258
  details+photos 3200/4258
  details+photos 3250/4258
  details+photos 3300/4258
  details+photos 3350/4258
  details+photos 3400/4258
  details+photos 3450/4258
  details+photos 3500/4258
  details+photos 3550/4258
  details+photos 3600/4258
  details+photos 3650/4258
  details+photos 3700/4258
  details+photos 3750/4258
  details+photos 3800/4258
  details+photos 3850/4258
  details+photos 3900/4258
  details+photos 3950/4258
  details+photos 4000/4258
  details+photos 4050/4258
  details+photos 4100/4258
  details+photos 4150/4258
  details+photos 4200/4258
  details+photos 4250/4258
  details+photos done
machine CLG890HZTSL831819 -> 68F00030217B001  CLG890H 轮式装载机
  legends: 1034 (569 on this VIN)
  details+photos 50/4258
  details+photos 100/4258
  details+photos 150/4258
  details+photos 200/4258
  details+photos 250/4258
  details+photos 300/4258
  details+photos 350/4258
  details+photos 400/4258
  details+photos 450/4258
  details+photos 500/4258
  details+photos 550/4258
  details+photos 600/4258
  details+photos 650/4258
  details+photos 700/4258
  details+photos 750/4258
  details+photos 800/4258
  details+photos 850/4258
  details+photos 900/4258
  details+photos 950/4258
  details+photos 1000/4258
  details+photos 1050/4258
  details+photos 1100/4258
  details+photos 1150/4258
  ! photo 30C0266#1: GET /part/zp/35373534363735343536353a353a383335343534353638333734393338393467 failed: HTTP 401
  ! photo 30C0266#2: GET /part/zp/35373534363735343536353a353a38333534353435373833 failed: HTTP 401
  ! refetch 30C0273: GET /part/30C0273/00C5518 failed: HTTP 401
  ! refetch 30C0275: GET /part/30C0275/13C0956 failed: HTTP 401
  ! refetch 30C0276: GET /part/30C0276/12C4348 failed: HTTP 401
  ! refetch 30C0310: GET /part/30C0310/12C5935 failed: HTTP 401
  ! refetch 30C0316: GET /part/30C0316/00C5518 failed: HTTP 401
  ! refetch 30C0357: GET /part/30C0357/53C1071 failed: HTTP 401
  ! refetch 30C0364: GET /part/30C0364/12C4348 failed: HTTP 401
  ! refetch 30C0426: GET /part/30C0426/58C6656 failed: HTTP 401
  ! refetch 30C0451: GET /part/30C0451/12C5935 failed: HTTP 401
  details+photos 1200/4258
  ! refetch 30C0602: GET /part/30C0602/61C2154 failed: HTTP 401
  ! refetch 30C0805: GET /part/30C0805/02C1433 failed: HTTP 401
  ! refetch 30C1958: GET /part/30C1958/00C4052 failed: HTTP 401
  ! refetch 30C1959: GET /part/30C1959/00C3815 failed: HTTP 401
  ! refetch 30C1960: GET /part/30C1960/00C4052 failed: HTTP 401
  ! refetch 30C2030: GET /part/30C2030/00C3852 failed: HTTP 401
  ! refetch 30C2039: GET /part/30C2039/12C3327 failed: HTTP 401
  ! refetch 30C2040: GET /part/30C2040/00C3852 failed: HTTP 401
  ! refetch 30C2059: GET /part/30C2059/13C1518 failed: HTTP 401
  ! refetch 30C2139: GET /part/30C2139/30C1960 failed: HTTP 401
  ! refetch 30C2778: GET /part/30C2778/00C5518 failed: HTTP 401
  ! refetch 30C2782: GET /part/30C2782/61C1972 failed: HTTP 401
  ! refetch 30C3166: GET /part/30C3166/61C1972 failed: HTTP 401
  ! refetch 30C3591: GET /part/30C3591/61C1972 failed: HTTP 401
  ! refetch 30C3678: GET /part/30C3678/25Y0181 failed: HTTP 401
  ! refetch 30C3682: GET /part/30C3682/25Y0181 failed: HTTP 401
  ! refetch 30C3698: GET /part/30C3698/19C0559 failed: HTTP 401
  ! refetch 30C3724: GET /part/30C3724/25Y0181 failed: HTTP 401
  ! refetch 30C3994: GET /part/30C3994/00C4052 failed: HTTP 401
  ! refetch 30D6374: GET /part/30D6374/08Y2058 failed: HTTP 401
  ! refetch 30D8567: GET /part/30D8567/08Y3147 failed: HTTP 401
  ! refetch 30W0084: GET /part/30W0084/12C3791 failed: HTTP 401
  ! refetch 30Y0077: GET /part/30Y0077/08Y2058 failed: HTTP 401
  ! refetch 31B0478: GET /part/31B0478/55C0223 failed: HTTP 401
  ! refetch 31B0481: GET /part/31B0481/55C0223 failed: HTTP 401
  ! refetch 31B0501: GET /part/31B0501/55C0223 failed: HTTP 401
  ! refetch 31C1889: GET /part/31C1889/12C3851 failed: HTTP 401
  ! refetch 31C3417: GET /part/31C3417/25Y0181 failed: HTTP 401
  ! refetch 32A1939: GET /part/32A1939/25Y0181 failed: HTTP 401
  ! refetch 32A1940: GET /part/32A1940/25Y0181 failed: HTTP 401
  details+photos 1250/4258
  ! refetch 32A1942: GET /part/32A1942/25Y0181 failed: HTTP 401
  ! refetch 32A2166: GET /part/32A2166/60C3073 failed: HTTP 401
  ! refetch 32A2298: GET /part/32A2298/00C3858 failed: HTTP 401
  ! refetch 32A2428: GET /part/32A2428/40C6110 failed: HTTP 401
  ! refetch 32A2439: GET /part/32A2439/40C6110 failed: HTTP 401
  ! refetch 32A2671: GET /part/32A2671/25Y0181 failed: HTTP 401
  ! refetch 32A5045: GET /part/32A5045/60C3073 failed: HTTP 401
  ! refetch 32B0898: GET /part/32B0898/55C9382 failed: HTTP 401
  ! refetch 32B0955: GET /part/32B0955/49C4663 failed: HTTP 401
  ! refetch 32C0448: GET /part/32C0448/13C0949 failed: HTTP 401
  ! refetch 32C0520: GET /part/32C0520/00C4052 failed: HTTP 401
  ! refetch 32C0688: GET /part/32C0688/13C1518 failed: HTTP 401
  details+photos 1300/4258
  ! refetch 32G4816: GET /part/32G4816/00C5522 failed: HTTP 401
  ! refetch 33A3675: GET /part/33A3675/25Y0181 failed: HTTP 401
  ! refetch 33A3677: GET /part/33A3677/25Y0181 failed: HTTP 401
  ! refetch 33A4279: GET /part/33A4279/47C2511 failed: HTTP 401
  ! refetch 33C0161: GET /part/33C0161/13C0949 failed: HTTP 401
  ! refetch 33C0161X0: GET /part/33C0161X0/33C0161 failed: HTTP 401
  ! refetch 33C0242: GET /part/33C0242/12C5935 failed: HTTP 401
  ! refetch 33D1060: GET /part/33D1060/30D6374 failed: HTTP 401
  ! refetch 33D1061: GET /part/33D1061/30D6374 failed: HTTP 401
  ! refetch 34B1224: GET /part/34B1224/57C3606 failed: HTTP 401
  ! refetch 34B1926: GET /part/34B1926/57C3606 failed: HTTP 401
  ! refetch 34B1935: GET /part/34B1935/57C3606 failed: HTTP 401
  details+photos 1350/4258
  ! refetch 34B1936: GET /part/34B1936/57C3606 failed: HTTP 401
  ! refetch 34C0126: GET /part/34C0126/08Y0044 failed: HTTP 401
  ! refetch 34C0129: GET /part/34C0129/08Y0044 failed: HTTP 401
  ! refetch 34C0130: GET /part/34C0130/08Y0044 failed: HTTP 401
  ! refetch 34C0467: GET /part/34C0467/32E1471 failed: HTTP 401
  ! refetch 34C0676: GET /part/34C0676/34C5291 failed: HTTP 401
  ! refetch 34C1192: GET /part/34C1192/48Y1019 failed: HTTP 401
  ! refetch 34C1851: GET /part/34C1851/34C5291 failed: HTTP 401
  ! refetch 34C1852: GET /part/34C1852/34C5291 failed: HTTP 401
  ! refetch 34C2022: GET /part/34C2022/32E1471 failed: HTTP 401
  ! refetch 34C2369: GET /part/34C2369/32E1471 failed: HTTP 401
  ! refetch 34C2515: GET /part/34C2515/08Y3147 failed: HTTP 401
  ! refetch 34C2802: GET /part/34C2802/46C1833 failed: HTTP 401
  ! refetch 34C4348: GET /part/34C4348/34C4424 failed: HTTP 401
  ! refetch 34C4424: GET /part/34C4424/34C5372 failed: HTTP 401
  ! refetch 34C4548: GET /part/34C4548/47C2756 failed: HTTP 401
  ! refetch 34C4549: GET /part/34C4549/47C2756 failed: HTTP 401
  ! refetch 34C4749: GET /part/34C4749/46C9429 failed: HTTP 401
  ! refetch 34C5344: GET /part/34C5344/47C2840 failed: HTTP 401
  ! refetch 34C5345: GET /part/34C5345/47C2840 failed: HTTP 401
  ! refetch 34C5346: GET /part/34C5346/47C2840 failed: HTTP 401
  ! refetch 34C5347: GET /part/34C5347/47C2840 failed: HTTP 401
  ! refetch 34C5348: GET /part/34C5348/47C2840 failed: HTTP 401
  ! refetch 34C5349: GET /part/34C5349/47C2840 failed: HTTP 401
  ! refetch 34C5365: GET /part/34C5365/34C9598 failed: HTTP 401
  ! refetch 34C5366: GET /part/34C5366/34C9598 failed: HTTP 401
  ! refetch 34C5369: GET /part/34C5369/34C9598 failed: HTTP 401
  ! refetch 34C5370: GET /part/34C5370/34C9598 failed: HTTP 401
  ! refetch 34C5372: GET /part/34C5372/34C9598 failed: HTTP 401
  ! refetch 34C5374: GET /part/34C5374/34C5380 failed: HTTP 401
  ! refetch 34C5376: GET /part/34C5376/34C5379 failed: HTTP 401
  ! refetch 34C5377: GET /part/34C5377/34C5378 failed: HTTP 401
  ! refetch 34C5378: GET /part/34C5378/34C5379 failed: HTTP 401
  ! refetch 34C5379: GET /part/34C5379/34C5380 failed: HTTP 401
  ! refetch 34C5380: GET /part/34C5380/34C9598 failed: HTTP 401
  ! refetch 34C5383: GET /part/34C5383/64C0258 failed: HTTP 401
  details+photos 1400/4258
  ! refetch 34C5384: GET /part/34C5384/64C0258 failed: HTTP 401
  ! refetch 34C5385: GET /part/34C5385/64C0258 failed: HTTP 401
  ! refetch 34C5472: GET /part/34C5472/47C2811 failed: HTTP 401
  ! refetch 34C5488: GET /part/34C5488/47C2824 failed: HTTP 401
  ! refetch 34C5523: GET /part/34C5523/34C9598 failed: HTTP 401
  ! refetch 34C5524: GET /part/34C5524/34C9598 failed: HTTP 401
  ! refetch 34C5640: GET /part/34C5640/47C2840 failed: HTTP 401
  ! refetch 34C6639: GET /part/34C6639/47C2840 failed: HTTP 401
  ! refetch 34C6836: GET /part/34C6836/38Y1200X0 failed: HTTP 401
  ! refetch 34C6927: GET /part/34C6927/47C2840 failed: HTTP 401
  ! refetch 34C7199: GET /part/34C7199/47C2840 failed: HTTP 401
  ! refetch 34C7527: GET /part/34C7527/47C2840 failed: HTTP 401
  ! refetch 34C7721: GET /part/34C7721/47C2840 failed: HTTP 401
  ! refetch 34C7724: GET /part/34C7724/47C2463 failed: HTTP 401
  ! refetch 34C8069: GET /part/34C8069/25C1917 failed: HTTP 401
  ! refetch 34C8070: GET /part/34C8070/25C1918 failed: HTTP 401
  ! refetch 34C8227: GET /part/34C8227/34C8229 failed: HTTP 401
  ! refetch 34C8228: GET /part/34C8228/34C8229 failed: HTTP 401
  ! refetch 34C8229: GET /part/34C8229/47C4603 failed: HTTP 401
  ! refetch 34C8556: GET /part/34C8556/48C6719 failed: HTTP 401
  ! refetch 34C9022: GET /part/34C9022/47C3722 failed: HTTP 401
  ! refetch 34C9023: GET /part/34C9023/47C3722 failed: HTTP 401
  ! refetch 34C9027: GET /part/34C9027/47C3722 failed: HTTP 401
  ! refetch 34C9598: GET /part/34C9598/47C5211 failed: HTTP 401
  ! refetch 34C9599: GET /part/34C9599/34C9598 failed: HTTP 401
  ! refetch 34C9600: GET /part/34C9600/34C9599 failed: HTTP 401
  ! refetch 34C9670: GET /part/34C9670/47C2840 failed: HTTP 401
  ! refetch 34C9704: GET /part/34C9704/47C5321 failed: HTTP 401
  ! refetch 34C9819: GET /part/34C9819/48C7352 failed: HTTP 401
  ! refetch 35B0713: GET /part/35B0713/57C3606 failed: HTTP 401
  details+photos 1450/4258
  ! refetch 35C1193: GET /part/35C1193/46C9342 failed: HTTP 401
  ! refetch 35C1244: GET /part/35C1244/46C1833 failed: HTTP 401
  ! refetch 35C1245: GET /part/35C1245/41Y2487 failed: HTTP 401
  ! refetch 35C1369: GET /part/35C1369/34C5488 failed: HTTP 401
  ! refetch 35C1430: GET /part/35C1430/48C6719 failed: HTTP 401
  ! refetch 35C1451: GET /part/35C1451/34C5523 failed: HTTP 401
  ! refetch 36A4920: GET /part/36A4920/40C6032 failed: HTTP 401
  ! refetch 36B0086: GET /part/36B0086/71C8412 failed: HTTP 401
  ! refetch 36B0350: GET /part/36B0350/71C8412 failed: HTTP 401
  ! refetch 36B0495: GET /part/36B0495/71C8413 failed: HTTP 401
  ! refetch 36B0533: GET /part/36B0533/71C8413 failed: HTTP 401
  ! refetch 36B0535: GET /part/36B0535/71C8413 failed: HTTP 401
  ! refetch 36B0628: GET /part/36B0628/71C8413 failed: HTTP 401
  ! refetch 36B0662: GET /part/36B0662/55C0223 failed: HTTP 401
  ! refetch 36B0728: GET /part/36B0728/71C8412 failed: HTTP 401
  ! refetch 36B0953: GET /part/36B0953/55C0223 failed: HTTP 401
  ! refetch 36B0992: GET /part/36B0992/71C8412 failed: HTTP 401
  ! refetch 36B1063: GET /part/36B1063/08C7138 failed: HTTP 401
  ! refetch 36B1064: GET /part/36B1064/71C7430 failed: HTTP 401
  ! refetch 36B1103: GET /part/36B1103/70C9097 failed: HTTP 401
  ! refetch 36B1108: GET /part/36B1108/46C9357 failed: HTTP 401
  ! refetch 36B1144: GET /part/36B1144/71C8412 failed: HTTP 401
  ! refetch 36B1347: GET /part/36B1347/55C0223 failed: HTTP 401
  ! refetch 36B1348: GET /part/36B1348/71C8412 failed: HTTP 401
  details+photos 1500/4258
  ! refetch 36B1443: GET /part/36B1443/71C8413 failed: HTTP 401
  ! refetch 36B1540: GET /part/36B1540/70C8211 failed: HTTP 401
  ! refetch 36B1542: GET /part/36B1542/08C8621 failed: HTTP 401
  ! refetch 36B1596: GET /part/36B1596/71C8412 failed: HTTP 401
  ! refetch 36B1607: GET /part/36B1607/70C2952 failed: HTTP 401
  ! refetch 36B1622: GET /part/36B1622/71C8412 failed: HTTP 401
  ! refetch 36B1646: GET /part/36B1646/71C7430 failed: HTTP 401
  ! refetch 36B1664: GET /part/36B1664/71C8413 failed: HTTP 401
  ! refetch 36B1665: GET /part/36B1665/71C8413 failed: HTTP 401
  ! refetch 36B1666: GET /part/36B1666/71C8412 failed: HTTP 401
  ! refetch 36B1968: GET /part/36B1968/71C8413 failed: HTTP 401
  ! refetch 36B1969: GET /part/36B1969/71C8413 failed: HTTP 401
  ! refetch 36D1017: GET /part/36D1017/40C5530 failed: HTTP 401
  ! refetch 37B0108X0: GET /part/37B0108X0/46C9939 failed: HTTP 401
  ! refetch 37B0350: GET /part/37B0350/08C4246 failed: HTTP 401
  ! refetch 37B2746: GET /part/37B2746/55C0223 failed: HTTP 401
  ! refetch 37B2850: GET /part/37B2850/55C0223 failed: HTTP 401
  ! refetch 37B3265: GET /part/37B3265/57C3606 failed: HTTP 401
  details+photos 1550/4258
  ! refetch 37B3697: GET /part/37B3697/56C0008 failed: HTTP 401
  ! refetch 37B3984: GET /part/37B3984/46C7176 failed: HTTP 401
  ! refetch 37B3985: GET /part/37B3985/46C7176 failed: HTTP 401
  ! refetch 37B4405: GET /part/37B4405/57C3606 failed: HTTP 401
  ! refetch 37B4425: GET /part/37B4425/57C3606 failed: HTTP 401
  ! refetch 37B6011: GET /part/37B6011/57C5889 failed: HTTP 401
  ! refetch 37C1241: GET /part/37C1241/46C1833 failed: HTTP 401
  ! refetch 37C1247: GET /part/37C1247/46C1833 failed: HTTP 401
  ! refetch 37C1257: GET /part/37C1257/46C9429 failed: HTTP 401
  ! refetch 38A5938: GET /part/38A5938/40C6110 failed: HTTP 401
  ! refetch 38A6401: GET /part/38A6401/40C6110 failed: HTTP 401
  ! refetch 38A6402: GET /part/38A6402/40C6110 failed: HTTP 401
  ! refetch 38A6481: GET /part/38A6481/40C6110 failed: HTTP 401
  ! refetch 38A9543: GET /part/38A9543/40C6110 failed: HTTP 401
  ! refetch 38B0415: GET /part/38B0415/57C3608 failed: HTTP 401
  ! refetch 38Y1200X0: GET /part/38Y1200X0/38Y1200 failed: HTTP 401
  ! refetch 40B0392: GET /part/40B0392/34C7494 failed: HTTP 401
  ! refetch 40C3003: GET /part/40C3003/40C6026 failed: HTTP 401
  details+photos 1600/4258
  ! refetch 40C4140: GET /part/40C4140/SP165203 failed: HTTP 401
  ! refetch 40C4159: GET /part/40C4159/SP143935 failed: HTTP 401
  ! refetch 40C4161: GET /part/40C4161/SP165153 failed: HTTP 401
  ! refetch 40C5530X0: GET /part/40C5530X0/40C5530 failed: HTTP 401
  ! refetch 40C5530X9: GET /part/40C5530X9/40C5530 failed: HTTP 401
  ! refetch 40C6018: GET /part/40C6018/60C3073 failed: HTTP 401
  ! refetch 40C6026: GET /part/40C6026/00Y1619 failed: HTTP 401
  ! refetch 40C6029: GET /part/40C6029/00Y1619 failed: HTTP 401
  ! refetch 40C6032: GET /part/40C6032/00Y0373 failed: HTTP 401
  ! refetch 40C6042: GET /part/40C6042/40C6032 failed: HTTP 401
  ! refetch 40C6110: GET /part/40C6110/00Y0373 failed: HTTP 401
  ! refetch 40C7208: GET /part/40C7208/SP165178 failed: HTTP 401
  ! refetch 40C7220: GET /part/40C7220/SP106451 failed: HTTP 401
  ! refetch 40C7221: GET /part/40C7221/SP106451 failed: HTTP 401
  ! refetch 40C7222: GET /part/40C7222/SP106451 failed: HTTP 401
  ! refetch 40C7225: GET /part/40C7225/SP106451 failed: HTTP 401
  ! refetch 40C7246: GET /part/40C7246/SP112210 failed: HTTP 401
  ! refetch 40C7265: GET /part/40C7265/SP112210 failed: HTTP 401
  ! refetch 40C7268: GET /part/40C7268/SP263764 failed: HTTP 401
  ! refetch 40C7270: GET /part/40C7270/SP112210 failed: HTTP 401
  ! refetch 40C7294: GET /part/40C7294/SP112210 failed: HTTP 401
  ! refetch 40C7298: GET /part/40C7298/SP112210 failed: HTTP 401
  ! refetch 40C7310: GET /part/40C7310/SP165172 failed: HTTP 401
  ! refetch 40C7312: GET /part/40C7312/SP263751 failed: HTTP 401
  ! refetch 40C7336: GET /part/40C7336/SP165166 failed: HTTP 401
  ! refetch 40C7338: GET /part/40C7338/SP165166 failed: HTTP 401
  ! refetch 40C7446: GET /part/40C7446/SP125663 failed: HTTP 401
  ! refetch 40C7475: GET /part/40C7475/SP165178 failed: HTTP 401
  ! refetch 40C7476: GET /part/40C7476/SP165178 failed: HTTP 401
  ! refetch 40C7513: GET /part/40C7513/SP125663 failed: HTTP 401
  ! refetch 40C7514: GET /part/40C7514/SP125663 failed: HTTP 401
  ! refetch 40C7516: GET /part/40C7516/SP125663 failed: HTTP 401
  ! refetch 40C7517: GET /part/40C7517/SP125663 failed: HTTP 401
  ! refetch 40C7518: GET /part/40C7518/SP125663 failed: HTTP 401
  ! refetch 40C7519: GET /part/40C7519/SP125663 failed: HTTP 401
  ! refetch 40C7520: GET /part/40C7520/SP125663 failed: HTTP 401
  ! refetch 40C7522: GET /part/40C7522/SP125663 failed: HTTP 401
  ! refetch 40C7523: GET /part/40C7523/SP125663 failed: HTTP 401
  ! refetch 40C7524: GET /part/40C7524/SP125663 failed: HTTP 401
  ! refetch 40C7525: GET /part/40C7525/SP125663 failed: HTTP 401
  ! refetch 40C7527: GET /part/40C7527/SP125663 failed: HTTP 401
  ! refetch 40C7528: GET /part/40C7528/SP125663 failed: HTTP 401
  details+photos 1650/4258
  ! refetch 40C7530: GET /part/40C7530/SP125663 failed: HTTP 401
  ! refetch 40C7533: GET /part/40C7533/SP125663 failed: HTTP 401
  ! refetch 40C7534: GET /part/40C7534/SP125663 failed: HTTP 401
  ! refetch 40C7536: GET /part/40C7536/SP125663 failed: HTTP 401
  ! refetch 40C7537: GET /part/40C7537/SP125663 failed: HTTP 401
  ! refetch 40C7538: GET /part/40C7538/SP125663 failed: HTTP 401
  ! refetch 40C7541: GET /part/40C7541/SP125663 failed: HTTP 401
  ! refetch 40C7544: GET /part/40C7544/SP125663 failed: HTTP 401
  ! refetch 40C7550: GET /part/40C7550/SP125663 failed: HTTP 401
  ! refetch 40C7552: GET /part/40C7552/SP125663 failed: HTTP 401
  ! refetch 40C7553: GET /part/40C7553/SP125663 failed: HTTP 401
  ! refetch 40C7555: GET /part/40C7555/SP125663 failed: HTTP 401
  ! refetch 40C7557: GET /part/40C7557/SP125663 failed: HTTP 401
  ! refetch 40C7558: GET /part/40C7558/SP125663 failed: HTTP 401
  ! refetch 40C7559: GET /part/40C7559/SP125663 failed: HTTP 401
  ! refetch 40C7560: GET /part/40C7560/SP125663 failed: HTTP 401
  ! refetch 40C7561: GET /part/40C7561/SP125663 failed: HTTP 401
  ! refetch 40C7562: GET /part/40C7562/SP125663 failed: HTTP 401
  ! refetch 40C7563: GET /part/40C7563/SP125663 failed: HTTP 401
  ! refetch 40C7568: GET /part/40C7568/SP125663 failed: HTTP 401
  ! refetch 40C7569: GET /part/40C7569/SP125663 failed: HTTP 401
  ! refetch 40C7575: GET /part/40C7575/SP125663 failed: HTTP 401
  ! refetch 40C7584: GET /part/40C7584/SP263761 failed: HTTP 401
  ! refetch 40C7585: GET /part/40C7585/SP263761 failed: HTTP 401
  ! refetch 40C7594: GET /part/40C7594/SP165179 failed: HTTP 401
  ! refetch 40C7596: GET /part/40C7596/SP165179 failed: HTTP 401
  ! refetch 40C7600: GET /part/40C7600/SP213697 failed: HTTP 401
  ! refetch 40C7601: GET /part/40C7601/SP165173 failed: HTTP 401
  ! refetch 40C7602: GET /part/40C7602/SP165176 failed: HTTP 401
  ! refetch 40C7610: GET /part/40C7610/SP165176 failed: HTTP 401
  ! refetch 40C7630: GET /part/40C7630/SP263769 failed: HTTP 401
  ! refetch 40C7656: GET /part/40C7656/SP165184 failed: HTTP 401
  ! refetch 40C7658: GET /part/40C7658/SP165184 failed: HTTP 401
  ! refetch 40C7659: GET /part/40C7659/SP165184 failed: HTTP 401
  ! refetch 40C7660: GET /part/40C7660/SP165184 failed: HTTP 401
  ! refetch 40C7661: GET /part/40C7661/SP165184 failed: HTTP 401
  ! refetch 40C7662: GET /part/40C7662/SP165184 failed: HTTP 401
  ! refetch 40C7688: GET /part/40C7688/SP165170 failed: HTTP 401
  ! refetch 40C7691: GET /part/40C7691/SP165170 failed: HTTP 401
  ! refetch 40C7692: GET /part/40C7692/SP165170 failed: HTTP 401
  ! refetch 40C7693: GET /part/40C7693/SP165170 failed: HTTP 401
  ! refetch 40C7694: GET /part/40C7694/SP165170 failed: HTTP 401
  ! refetch 40C7696: GET /part/40C7696/SP165170 failed: HTTP 401
  ! refetch 40C7697: GET /part/40C7697/SP165170 failed: HTTP 401
  ! refetch 40C7703: GET /part/40C7703/SP165170 failed: HTTP 401
  ! refetch 40C7704: GET /part/40C7704/SP165170 failed: HTTP 401
  ! refetch 40C7706: GET /part/40C7706/SP165170 failed: HTTP 401
  ! refetch 40C7709: GET /part/40C7709/SP165170 failed: HTTP 401
  details+photos 1700/4258
  ! refetch 40C7710: GET /part/40C7710/SP165170 failed: HTTP 401
  ! refetch 40C7714: GET /part/40C7714/SP165170 failed: HTTP 401
  ! refetch 40C7895: GET /part/40C7895/SP165210 failed: HTTP 401
  ! refetch 40C7918: GET /part/40C7918/SP165170 failed: HTTP 401
  ! refetch 40C8672: GET /part/40C8672/SP165177 failed: HTTP 401
  ! refetch 40C9570: GET /part/40C9570/SP165184 failed: HTTP 401
  ! refetch 40C9571: GET /part/40C9571/SP165184 failed: HTTP 401
  ! refetch 40D1170: GET /part/40D1170/48C6725 failed: HTTP 401
  ! refetch 40D1171: GET /part/40D1171/44Y0907 failed: HTTP 401
  ! refetch 40D2640X0T3: GET /part/40D2640X0T3/72C0523 failed: HTTP 401
  ! refetch 41B0239Y18L: GET /part/41B0239Y18L/47Y1663 failed: HTTP 401
  ! refetch 41C4379: GET /part/41C4379/03Y0094 failed: HTTP 401
  ! refetch 41D1003: GET /part/41D1003/22C1939 failed: HTTP 401
  ! refetch 41D1278: GET /part/41D1278/48C4025 failed: HTTP 401
  ! refetch 41D1302: GET /part/41D1302/48C8473X0 failed: HTTP 401
  ! refetch 41D1306: GET /part/41D1306/72C5032 failed: HTTP 401
  ! refetch 41D1338: GET /part/41D1338/48C4022 failed: HTTP 401
  ! refetch 41D2002: GET /part/41D2002/43Y1029 failed: HTTP 401
  ! refetch 41D2060: GET /part/41D2060/72C0523 failed: HTTP 401
  ! refetch 41D2766: GET /part/41D2766/48C4025 failed: HTTP 401
  ! refetch 41D2767: GET /part/41D2767/48C4025 failed: HTTP 401
  ! refetch 41D2768: GET /part/41D2768/48C4025 failed: HTTP 401
  ! refetch 42C1685: GET /part/42C1685/05Y0294 failed: HTTP 401
  ! refetch 43C6241: GET /part/43C6241/38Y1200X0 failed: HTTP 401
  details+photos 1750/4258
  ! refetch 43D0952: GET /part/43D0952/11Y0744 failed: HTTP 401
  ! refetch 43D1600: GET /part/43D1600/48C6725 failed: HTTP 401
  ! refetch 43D1893: GET /part/43D1893/48C4035 failed: HTTP 401
  ! refetch 43D2151: GET /part/43D2151/48C6725 failed: HTTP 401
  ! refetch 43D2153: GET /part/43D2153/48C6725 failed: HTTP 401
  ! refetch 43D2154: GET /part/43D2154/48C6725 failed: HTTP 401
  ! refetch 43D2155: GET /part/43D2155/48C4309 failed: HTTP 401
  ! refetch 43D3358: GET /part/43D3358/48C6725 failed: HTTP 401
  ! refetch 43D3457: GET /part/43D3457/48C6725 failed: HTTP 401
  ! refetch 44C1254: GET /part/44C1254/00C3788 failed: HTTP 401
  ! refetch 44C2009: GET /part/44C2009/00C3788 failed: HTTP 401
  ! refetch 44C2447: GET /part/44C2447/58C6656 failed: HTTP 401
  ! refetch 44C2764: GET /part/44C2764/00C5522 failed: HTTP 401
  ! refetch 44D0642: GET /part/44D0642/48C6719 failed: HTTP 401
  ! refetch 45C0277: GET /part/45C0277/00C5522 failed: HTTP 401
  ! refetch 45D1651: GET /part/45D1651/40C6042 failed: HTTP 401
  ! refetch 45D1721: GET /part/45D1721/40C6032 failed: HTTP 401
  ! refetch 46C0335: GET /part/46C0335/23Y0116 failed: HTTP 401
  ! refetch 46C1833: GET /part/46C1833/23Y0116 failed: HTTP 401
  ! refetch 46C2016: GET /part/46C2016/08C4246 failed: HTTP 401
  ! refetch 46C2017: GET /part/46C2017/08C4212 failed: HTTP 401
  ! refetch 46C6409: GET /part/46C6409/23Y0116 failed: HTTP 401
  ! refetch 46C8535: GET /part/46C8535/23Y0116 failed: HTTP 401
  ! refetch 46C8997: GET /part/46C8997/55C1358 failed: HTTP 401
  details+photos 1800/4258
  ! refetch 46C8997P01: GET /part/46C8997P01/46C8997 failed: HTTP 401
  ! refetch 46C8997P02: GET /part/46C8997P02/46C8997 failed: HTTP 401
  ! refetch 46C8997P03: GET /part/46C8997P03/46C8997 failed: HTTP 401
  ! refetch 46C9077: GET /part/46C9077/46C9430 failed: HTTP 401
  ! refetch 46C9342: GET /part/46C9342/23Y0116 failed: HTTP 401
  ! refetch 46C9346: GET /part/46C9346/57C4398 failed: HTTP 401
  ! refetch 46C9429: GET /part/46C9429/23Y0116 failed: HTTP 401
  ! refetch 46C9430: GET /part/46C9430/46C9429 failed: HTTP 401
  ! refetch 46C9432: GET /part/46C9432/46C9430 failed: HTTP 401
  ! refetch 46C9433: GET /part/46C9433/46C9430 failed: HTTP 401
  ! refetch 46C9804: GET /part/46C9804/46C9429 failed: HTTP 401
  ! refetch 46C9939: GET /part/46C9939/57C3607 failed: HTTP 401
  ! refetch 46D1489: GET /part/46D1489/46C8535 failed: HTTP 401
  ! refetch 46D1490: GET /part/46D1490/46C8535 failed: HTTP 401
  ! refetch 46D1759: GET /part/46D1759/48C3318 failed: HTTP 401
  ! refetch 46D1802: GET /part/46D1802/48C6725 failed: HTTP 401
  ! refetch 46D1803: GET /part/46D1803/48C6725 failed: HTTP 401
  ! refetch 46D1902: GET /part/46D1902/34C4749 failed: HTTP 401
  ! refetch 46D2023: GET /part/46D2023/34C9600 failed: HTTP 401
  ! refetch 46D2036: GET /part/46D2036/47C5325 failed: HTTP 401
  ! refetch 46D2173: GET /part/46D2173/57C3606 failed: HTTP 401
  ! refetch 46D2283: GET /part/46D2283/48C3318 failed: HTTP 401
  ! refetch 46D2958: GET /part/46D2958/57C3608 failed: HTTP 401
  ! refetch 46D4055: GET /part/46D4055/47C5252 failed: HTTP 401
  ! refetch 46D4474: GET /part/46D4474/57C3606 failed: HTTP 401
  ! refetch 46D4521: GET /part/46D4521/46C8535 failed: HTTP 401
  ! refetch 46D4522: GET /part/46D4522/46C8535 failed: HTTP 401
  ! refetch 47C0277: GET /part/47C0277/40C6026 failed: HTTP 401
  ! refetch 47C2461: GET /part/47C2461/41Y2487 failed: HTTP 401
  ! refetch 47C2753: GET /part/47C2753/47C2840 failed: HTTP 401
  details+photos 1850/4258
  ! refetch 47C2756: GET /part/47C2756/47C2840 failed: HTTP 401
  ! refetch 47C2757: GET /part/47C2757/47C2840 failed: HTTP 401
  ! refetch 47C2824: GET /part/47C2824/41Y2487 failed: HTTP 401
  ! refetch 47C2835: GET /part/47C2835/47C2840 failed: HTTP 401
  ! refetch 47C2836: GET /part/47C2836/47C2840 failed: HTTP 401
  ! refetch 47C2837: GET /part/47C2837/47C2840 failed: HTTP 401
  ! refetch 47C2838: GET /part/47C2838/47C2840 failed: HTTP 401
  ! refetch 47C2839: GET /part/47C2839/47C2840 failed: HTTP 401
  ! refetch 47C2840: GET /part/47C2840/47C5211 failed: HTTP 401
  ! refetch 47C2841: GET /part/47C2841/47C2840 failed: HTTP 401
  ! refetch 47C3185: GET /part/47C3185/47C3169 failed: HTTP 401
  ! refetch 47C3187: GET /part/47C3187/47C3169 failed: HTTP 401
  ! refetch 47C3336: GET /part/47C3336/47C2840 failed: HTTP 401
  ! refetch 47C3337: GET /part/47C3337/47C2840 failed: HTTP 401
  ! refetch 47C3478: GET /part/47C3478/47C2840 failed: HTTP 401
  ! refetch 47C4050: GET /part/47C4050/47C5322 failed: HTTP 401
  ! refetch 47C4285: GET /part/47C4285/47C2840 failed: HTTP 401
  ! refetch 47C5070: GET /part/47C5070/47C5322 failed: HTTP 401
  ! refetch 47C5070P01: GET /part/47C5070P01/47C5070 failed: HTTP 401
  ! refetch 47C5070P02: GET /part/47C5070P02/47C5070 failed: HTTP 401
  ! refetch 47C5211: GET /part/47C5211/64C0258 failed: HTTP 401
  ! refetch 47C5252: GET /part/47C5252/57C3606 failed: HTTP 401
  ! refetch 47C5321: GET /part/47C5321/47C5211 failed: HTTP 401
  ! refetch 47C5322: GET /part/47C5322/47C5211 failed: HTTP 401
  ! refetch 47C5323: GET /part/47C5323/34C9704 failed: HTTP 401
  ! refetch 47C5325: GET /part/47C5325/47C5323 failed: HTTP 401
  ! refetch 47C5339: GET /part/47C5339/41Y2487 failed: HTTP 401
  ! refetch 47C5340: GET /part/47C5340/47C5339 failed: HTTP 401
  ! refetch 47C5565: GET /part/47C5565/47C5322 failed: HTTP 401
  ! refetch 47C5773: GET /part/47C5773/34C9598 failed: HTTP 401
  ! refetch 47C6833: GET /part/47C6833/47C4050 failed: HTTP 401
  ! refetch 47C6833P01: GET /part/47C6833P01/47C6833 failed: HTTP 401
  ! refetch 47C6833P02: GET /part/47C6833P02/47C6833 failed: HTTP 401
  ! refetch 47C7962: GET /part/47C7962/46Y0108 failed: HTTP 401
  ! refetch 47C8585: GET /part/47C8585/47C5322 failed: HTTP 401
  ! refetch 47C9864: GET /part/47C9864/64C0258 failed: HTTP 401
  details+photos 1900/4258
  ! refetch 47D0669: GET /part/47D0669/45Y0253 failed: HTTP 401
  ! refetch 47D0670: GET /part/47D0670/45Y0253 failed: HTTP 401
  ! refetch 48A0346: GET /part/48A0346/58C6656 failed: HTTP 401
  ! refetch 48A6745: GET /part/48A6745/00C5864 failed: HTTP 401
  ! refetch 48A7700: GET /part/48A7700/12C7285 failed: HTTP 401
  ! refetch 48A7701: GET /part/48A7701/12C7285 failed: HTTP 401
  ! refetch 48A9425: GET /part/48A9425/60C3073 failed: HTTP 401
  ! refetch 48C3026: GET /part/48C3026/47C9864 failed: HTTP 401
  ! refetch 48C3318: GET /part/48C3318/22C1939 failed: HTTP 401
  ! refetch 48C3328: GET /part/48C3328/64C0258 failed: HTTP 401
  ! refetch 48C4022: GET /part/48C4022/43Y1029 failed: HTTP 401
  ! refetch 48C4023: GET /part/48C4023/48C4022 failed: HTTP 401
  ! refetch 48C4025: GET /part/48C4025/43Y1029 failed: HTTP 401
  ! refetch 48C4035: GET /part/48C4035/72C5032 failed: HTTP 401
  ! refetch 48C4096: GET /part/48C4096/44Y0907 failed: HTTP 401
  ! refetch 48C4097: GET /part/48C4097/44Y0907 failed: HTTP 401
  ! refetch 48C4309: GET /part/48C4309/48C6725 failed: HTTP 401
  ! refetch 48C4449: GET /part/48C4449/45Y0155 failed: HTTP 401
  ! refetch 48C4450: GET /part/48C4450/45Y0155 failed: HTTP 401
  ! refetch 48C4466: GET /part/48C4466/48C8473 failed: HTTP 401
  ! refetch 48C4684: GET /part/48C4684/48C6719 failed: HTTP 401
  ! refetch 48C5474: GET /part/48C5474/49C3589 failed: HTTP 401
  ! refetch 48C6088: GET /part/48C6088/34C9027 failed: HTTP 401
  ! refetch 48C6719: GET /part/48C6719/44Y0907 failed: HTTP 401
  ! refetch 48C6724: GET /part/48C6724/48C6719 failed: HTTP 401
  ! refetch 48C6725: GET /part/48C6725/44Y0907 failed: HTTP 401
  ! refetch 48C7351: GET /part/48C7351/48C6719 failed: HTTP 401
  ! refetch 48C7352: GET /part/48C7352/48C7351 failed: HTTP 401
  ! refetch 48C8473: GET /part/48C8473/43Y1029 failed: HTTP 401
  ! refetch 48C8473X0: GET /part/48C8473X0/48C8473 failed: HTTP 401
  ! refetch 48C8474: GET /part/48C8474/43Y1029 failed: HTTP 401
  ! refetch 48C8474X0: GET /part/48C8474X0/48C8474 failed: HTTP 401
  ! refetch 48D1048: GET /part/48D1048/48C6719 failed: HTTP 401
  ! refetch 48D1559: GET /part/48D1559/34C8069 failed: HTTP 401
  ! refetch 48D2181: GET /part/48D2181/48C6719 failed: HTTP 401
  ! refetch 49C3589: GET /part/49C3589/57C2713 failed: HTTP 401
  details+photos 1950/4258
  ! refetch 49C3590: GET /part/49C3590/57C2713 failed: HTTP 401
  ! refetch 49C9392: GET /part/49C9392/55C0223 failed: HTTP 401
  ! refetch 49D3800: GET /part/49D3800/24C4674 failed: HTTP 401
  ! refetch 49D3805: GET /part/49D3805/24C4674 failed: HTTP 401
  ! refetch 49D6743: GET /part/49D6743/22C8949 failed: HTTP 401
  ! refetch 51D0159: GET /part/51D0159/72C5032 failed: HTTP 401
  ! refetch 51D0160: GET /part/51D0160/72C0523 failed: HTTP 401
  ! refetch 51D1080: GET /part/51D1080/44Y0907 failed: HTTP 401
  ! refetch 51D1081: GET /part/51D1081/44Y0907 failed: HTTP 401
  ! refetch 51D1966: GET /part/51D1966/72C0774 failed: HTTP 401
  ! refetch 51D2137: GET /part/51D2137/72C0775 failed: HTTP 401
  ! refetch 52B0117: GET /part/52B0117/53Y0113 failed: HTTP 401
  ! refetch 52B0666: GET /part/52B0666/53Y0113 failed: HTTP 401
  ! refetch 52C0509: GET /part/52C0509/00C3858 failed: HTTP 401
  ! refetch 52D6490: GET /part/52D6490/60C3073 failed: HTTP 401
  ! refetch 52D6491: GET /part/52D6491/60C3073 failed: HTTP 401
  ! refetch 52D6720: GET /part/52D6720/60C3073 failed: HTTP 401
  ! refetch 53A0791: GET /part/53A0791/10C1795 failed: HTTP 401
  details+photos 2000/4258
  ! refetch 53A1466: GET /part/53A1466/10C1774 failed: HTTP 401
  ! refetch 53A1480: GET /part/53A1480/10C1773 failed: HTTP 401
  ! refetch 53C0574P02: GET /part/53C0574P02/40C2420 failed: HTTP 401
  ! refetch 53C1024: GET /part/53C1024/15C0564 failed: HTTP 401
  ! refetch 53C1071: GET /part/53C1071/00C5850 failed: HTTP 401
  ! refetch 54A0841: GET /part/54A0841/41C4379 failed: HTTP 401
  ! refetch 54A1100: GET /part/54A1100/08Y0044 failed: HTTP 401
  ! refetch 55C0223: GET /part/55C0223/57C3606 failed: HTTP 401
  ! refetch 55C1358: GET /part/55C1358/57C4398 failed: HTTP 401
  ! refetch 55C2443: GET /part/55C2443/49C3590 failed: HTTP 401
  ! refetch 55C4180: GET /part/55C4180/57C4398 failed: HTTP 401
  ! refetch 55C5048: GET /part/55C5048/55C5046 failed: HTTP 401
  details+photos 2050/4258
  ! refetch 55C7494: GET /part/55C7494/57C3608 failed: HTTP 401
  ! refetch 55C7495: GET /part/55C7495/57C3608 failed: HTTP 401
  ! refetch 55C9382: GET /part/55C9382/57C4398 failed: HTTP 401
  ! refetch 55G0032: GET /part/55G0032/25Y0181 failed: HTTP 401
  ! refetch 55G2337: GET /part/55G2337/59C5527 failed: HTTP 401
  ! refetch 55G4296: GET /part/55G4296/08Y0044 failed: HTTP 401
  ! refetch 56A2020: GET /part/56A2020/41C1188 failed: HTTP 401
  ! refetch 56A2024: GET /part/56A2024/41C1188 failed: HTTP 401
  ! refetch 56A2039: GET /part/56A2039/01E0398 failed: HTTP 401
  ! refetch 56A2045: GET /part/56A2045/01E0398 failed: HTTP 401
  ! refetch 56A3207: GET /part/56A3207/12C3851 failed: HTTP 401
  ! refetch 56A5929: GET /part/56A5929/47C5340 failed: HTTP 401
  ! refetch 56C0008: GET /part/56C0008/55C1358 failed: HTTP 401
  ! refetch 56D0485: GET /part/56D0485/44Y0907 failed: HTTP 401
  ! refetch 56D3729: GET /part/56D3729/72C5032 failed: HTTP 401
  ! refetch 57A1284: GET /part/57A1284/34C1851 failed: HTTP 401
  ! refetch 57A1286: GET /part/57A1286/34C1851 failed: HTTP 401
  ! refetch 57A1287: GET /part/57A1287/34C1852 failed: HTTP 401
  ! refetch 57A1289: GET /part/57A1289/34C1852 failed: HTTP 401
  ! refetch 57A1526: GET /part/57A1526/34C2515 failed: HTTP 401
  ! refetch 57A1688: GET /part/57A1688/12C3851 failed: HTTP 401
  ! refetch 57C2713: GET /part/57C2713/22Y5440 failed: HTTP 401
  ! refetch 57C3606: GET /part/57C3606/57C4398 failed: HTTP 401
  ! refetch 57C3607: GET /part/57C3607/22Y5440 failed: HTTP 401
  details+photos 2100/4258
  ! refetch 57C3608: GET /part/57C3608/57C3607 failed: HTTP 401
  ! refetch 57C4398: GET /part/57C4398/22Y5440 failed: HTTP 401
  ! refetch 58A0401: GET /part/58A0401/22C2072 failed: HTTP 401
  ! refetch 58A0890: GET /part/58A0890/21Y0119 failed: HTTP 401
  ! refetch 58A5426: GET /part/58A5426/46C6409 failed: HTTP 401
  ! refetch 58A8065: GET /part/58A8065/15C1147 failed: HTTP 401
  ! refetch 59A0737: GET /part/59A0737/24C4674 failed: HTTP 401
  ! refetch 59C5527: GET /part/59C5527/32Y2790 failed: HTTP 401
  ! refetch 59C5528: GET /part/59C5528/32Y2790 failed: HTTP 401
  ! refetch 59C8791: GET /part/59C8791/32Y2790 failed: HTTP 401
  ! refetch 59C8792: GET /part/59C8792/32Y2790 failed: HTTP 401
  ! refetch 60A0254: GET /part/60A0254/08Y0044 failed: HTTP 401
  ! refetch 60C3073: GET /part/60C3073/00Y1619 failed: HTTP 401
  ! refetch 60C6696: GET /part/60C6696/40C6026 failed: HTTP 401
  ! refetch 61A1845: GET /part/61A1845/01E0398 failed: HTTP 401
  ! refetch 61A1849: GET /part/61A1849/10C1795 failed: HTTP 401
  ! refetch 61A2771: GET /part/61A2771/10C1818 failed: HTTP 401
  ! refetch 61C0114: GET /part/61C0114/61C1972 failed: HTTP 401
  ! refetch 61C0473: GET /part/61C0473/12C3327 failed: HTTP 401
  ! refetch 61C0815: GET /part/61C0815/61C1972 failed: HTTP 401
  ! refetch 61C1970: GET /part/61C1970/61C1972 failed: HTTP 401
  ! refetch 61C1971: GET /part/61C1971/61C1972 failed: HTTP 401
  ! refetch 61C1972: GET /part/61C1972/61C2154 failed: HTTP 401
  ! refetch 61C2154: GET /part/61C2154/58C6656 failed: HTTP 401
  ! refetch 62A0048: GET /part/62A0048/41C0066 failed: HTTP 401
  ! refetch 62A0962: GET /part/62A0962/16D2667 failed: HTTP 401
  ! refetch 63A0132: GET /part/63A0132/24C0368 failed: HTTP 401
  ! refetch 64C0258: GET /part/64C0258/41Y2487 failed: HTTP 401
  ! refetch 66C3292: GET /part/66C3292/00C3788 failed: HTTP 401
  ! refetch 66C3293: GET /part/66C3293/00C3788 failed: HTTP 401
  details+photos 2150/4258
  ! refetch 66C3294: GET /part/66C3294/00C3788 failed: HTTP 401
  ! refetch 66C3295: GET /part/66C3295/00C3788 failed: HTTP 401
  ! refetch 66C3296: GET /part/66C3296/00C3788 failed: HTTP 401
  ! refetch 66C3297: GET /part/66C3297/00C3788 failed: HTTP 401
  ! refetch 66C3336: GET /part/66C3336/00C3789 failed: HTTP 401
  ! refetch 66C3337: GET /part/66C3337/00C3789 failed: HTTP 401
  ! refetch 66C3356: GET /part/66C3356/21Y0119 failed: HTTP 401
  ! refetch 66C3365: GET /part/66C3365/00C5522 failed: HTTP 401
  ! refetch 66C3366: GET /part/66C3366/00C5522 failed: HTTP 401
  ! refetch 66C3418: GET /part/66C3418/00C5522 failed: HTTP 401
  ! refetch 66C3473: GET /part/66C3473/00C5850 failed: HTTP 401
  ! refetch 66C3478: GET /part/66C3478/00C5850 failed: HTTP 401
  ! refetch 66C3727: GET /part/66C3727/40C6029 failed: HTTP 401
  ! refetch 66C5148: GET /part/66C5148/00C5522 failed: HTTP 401
  ! refetch 66C5159: GET /part/66C5159/00C5540 failed: HTTP 401
  ! refetch 66C5160: GET /part/66C5160/00C5540 failed: HTTP 401
  ! refetch 66C5161: GET /part/66C5161/00C5540 failed: HTTP 401
  ! refetch 66C5166: GET /part/66C5166/00C5518 failed: HTTP 401
  ! refetch 66C5167: GET /part/66C5167/00C5518 failed: HTTP 401
  ! refetch 66C5168: GET /part/66C5168/00C5518 failed: HTTP 401
  ! refetch 66C5959: GET /part/66C5959/00C4635 failed: HTTP 401
  ! refetch 66C7056: GET /part/66C7056/00C5518 failed: HTTP 401
  ! refetch 66C7058: GET /part/66C7058/00C5518 failed: HTTP 401
  ! refetch 66C7094: GET /part/66C7094/00C5117 failed: HTTP 401
  ! refetch 66C7095: GET /part/66C7095/00C5117 failed: HTTP 401
  ! refetch 66C7267: GET /part/66C7267/00C5116 failed: HTTP 401
  ! refetch 66C7268: GET /part/66C7268/00C5116 failed: HTTP 401
  ! refetch 66C7277: GET /part/66C7277/00C5116 failed: HTTP 401
  ! refetch 66C7301: GET /part/66C7301/21Y0211 failed: HTTP 401
  ! refetch 66C7973: GET /part/66C7973/00C5522 failed: HTTP 401
  ! refetch 66C7974: GET /part/66C7974/00C5522 failed: HTTP 401
  ! refetch 66C7977: GET /part/66C7977/00C5522 failed: HTTP 401
  ! refetch 66C7978: GET /part/66C7978/00C5522 failed: HTTP 401
  ! refetch 66C7980: GET /part/66C7980/00C5522 failed: HTTP 401
  ! refetch 66C7981: GET /part/66C7981/00C5522 failed: HTTP 401
  ! refetch 66C7986: GET /part/66C7986/00C5518 failed: HTTP 401
  details+photos 2200/4258
  ! refetch 66C7987: GET /part/66C7987/00C5518 failed: HTTP 401
  ! refetch 66C7990: GET /part/66C7990/00C5518 failed: HTTP 401
  ! refetch 66C8813: GET /part/66C8813/00C5850 failed: HTTP 401
  ! refetch 66C8823: GET /part/66C8823/00C5864 failed: HTTP 401
  ! refetch 67A1392: GET /part/67A1392/60C3073 failed: HTTP 401
  ! refetch 67C0976: GET /part/67C0976/00C5864 failed: HTTP 401
  ! refetch 67C3238: GET /part/67C3238/20C1976 failed: HTTP 401
  ! refetch 67C3606: GET /part/67C3606/00C5850 failed: HTTP 401
  ! refetch 67C3607: GET /part/67C3607/00C5850 failed: HTTP 401
  ! refetch 67C4145: GET /part/67C4145/21Y0119 failed: HTTP 401
  ! refetch 68C2200: GET /part/68C2200/21Y0211 failed: HTTP 401
  ! refetch 68C2428: GET /part/68C2428/00C5850 failed: HTTP 401
!!! CLG890HZTSL831819 / photos FAILED, retrying once
machine CLG890HZTSL831819 -> 68F00030217B001  CLG890H 轮式装载机
  legends: 1034 (569 on this VIN)
  details+photos 50/4258
  details+photos 100/4258
  details+photos 150/4258
  details+photos 200/4258
  details+photos 250/4258
  details+photos 300/4258
  details+photos 350/4258
  details+photos 400/4258
