machine LGC9125FARC135673 -> 08F0096C011B002  9125F 挖掘机
  legends: 763 (390 on this VIN)
  ! photo 00A0569/00A0569_001.JPG: GET /part/zp/00A0569_001.JPG failed: HTTP 404
  ! photo 00A0761/00A0761_002.JPG: GET /part/zp/00A0761_002.JPG failed: HTTP 404
  ! photo 00A0204/00A0204_002.JPG: GET /part/zp/00A0204_002.JPG failed: HTTP 404
  ! photo 00A0761/00A0761_002.JPG: GET /part/zp/00A0761_002.JPG failed: HTTP 404
  ! photo 00A0761/00A0761_002.JPG: GET /part/zp/00A0761_002.JPG failed: HTTP 404
  ! photo 00A0569/00A0569_001.JPG: GET /part/zp/00A0569_001.JPG failed: HTTP 404
  ! photo 00A0761X1/00A0761X1_004.JPG: GET /part/zp/00A0761X1_004.JPG failed: HTTP 404
  ! photo 00A0761X1/00A0761X1_002.JPG: GET /part/zp/00A0761X1_002.JPG failed: HTTP 404
  ! photo 00A0882/00A0882_003.JPG: GET /part/zp/00A0882_003.JPG failed: HTTP 404
  ! photo 00A1831/00A1831_002.JPG: GET /part/zp/00A1831_002.JPG failed: HTTP 404
  ! photo 00A1842/00A1842_002.JPG: GET /part/zp/00A1842_002.JPG failed: HTTP 404
  ! photo 00A1842/00A1842_002.JPG: GET /part/zp/00A1842_002.JPG failed: HTTP 404
  ! photo 00A3409/00A3409_002.JPG: GET /part/zp/00A3409_002.JPG failed: HTTP 404
  ! photo 00A3409/00A3409_002.jpg: GET /part/zp/00A3409_002.jpg failed: HTTP 404
  ! photo 00A3409/00A3409_002.JPG: GET /part/zp/00A3409_002.JPG failed: HTTP 404
  ! photo 00A3409/00A3409_002.jpg: GET /part/zp/00A3409_002.jpg failed: HTTP 404
  ! photo 00A3489/00A3489_002.JPG: GET /part/zp/00A3489_002.JPG failed: HTTP 404
  ! photo 00A3489X1/00A3489X1_002.JPG: GET /part/zp/00A3489X1_002.JPG failed: HTTP 404
  ! photo 00A3492/00A3492_002.jpg: GET /part/zp/00A3492_002.jpg failed: HTTP 404
  ! photo 00A3492/00A3492_002.JPG: GET /part/zp/00A3492_002.JPG failed: HTTP 404
  ! photo 00A3489X1/00A3489X1_003.JPG: GET /part/zp/00A3489X1_003.JPG failed: HTTP 404
  ! photo 00A3492/00A3492_003.JPG: GET /part/zp/00A3492_003.JPG failed: HTTP 404
  ! photo 00A3493/00A3493_002.JPG: GET /part/zp/00A3493_002.JPG failed: HTTP 404
  ! photo 00A3492/00A3492_003.jpg: GET /part/zp/00A3492_003.jpg failed: HTTP 404
  ! photo 00A3846/00A3846_002.JPG: GET /part/zp/00A3846_002.JPG failed: HTTP 404
  ! photo 00A4006/00A4006_002.JPG: GET /part/zp/00A4006_002.JPG failed: HTTP 404
  ! photo 00A3846/00A3846_002.JPG: GET /part/zp/00A3846_002.JPG failed: HTTP 404
  ! photo 00A3841/00A3841_002.jpg: GET /part/zp/00A3841_002.jpg failed: HTTP 404
  ! photo 00A3841/00A3841_002.JPG: GET /part/zp/00A3841_002.JPG failed: HTTP 404
  ! photo 00A3493/00A3493_002.JPG: GET /part/zp/00A3493_002.JPG failed: HTTP 404
  ! photo 00A4006/00A4006_004.JPG: GET /part/zp/00A4006_004.JPG failed: HTTP 404
  ! photo 00A4006/00A4006_002.JPG: GET /part/zp/00A4006_002.JPG failed: HTTP 404
  ! photo 00A4006X1/00A4006X1_002.JPG: GET /part/zp/00A4006X1_002.JPG failed: HTTP 404
  ! photo 00A4006/00A4006_004.JPG: GET /part/zp/00A4006_004.JPG failed: HTTP 404
  ! photo 00A4169/00A4169_002.JPG: GET /part/zp/00A4169_002.JPG failed: HTTP 404
  ! photo 00A4169/00A4169_002.jpg: GET /part/zp/00A4169_002.jpg failed: HTTP 404
  ! photo 00A4302/00A4302_002.JPG: GET /part/zp/00A4302_002.JPG failed: HTTP 404
  ! photo 00A4302/00A4302_002.JPG: GET /part/zp/00A4302_002.JPG failed: HTTP 404
  ! photo 00A4302/00A4302_002.jpg: GET /part/zp/00A4302_002.jpg failed: HTTP 404
  ! photo 00A4302/00A4302_002.jpg: GET /part/zp/00A4302_002.jpg failed: HTTP 404
  ! photo 00A4302/00A4302_002.jpg: GET /part/zp/00A4302_002.jpg failed: HTTP 404
  ! photo 00A4302/00A4302_002.JPG: GET /part/zp/00A4302_002.JPG failed: HTTP 404
  ! photo 00A4303/00A4303_002.JPG: GET /part/zp/00A4303_002.JPG failed: HTTP 404
  ! photo 00A4303/00A4303_003.JPG: GET /part/zp/00A4303_003.JPG failed: HTTP 404
  ! photo 00A4303/00A4303_003.jpg: GET /part/zp/00A4303_003.jpg failed: HTTP 404
  ! photo 00A4303/00A4303_002.jpg: GET /part/zp/00A4303_002.jpg failed: HTTP 404
  ! photo 00A4303/00A4303_002.JPG: GET /part/zp/00A4303_002.JPG failed: HTTP 404
  ! photo 00A4303/00A4303_002.jpg: GET /part/zp/00A4303_002.jpg failed: HTTP 404
  ! photo 00A4303/00A4303_003.JPG: GET /part/zp/00A4303_003.JPG failed: HTTP 404
  ! photo 00A4303X1/00A4303X1_001.JPG: GET /part/zp/00A4303X1_001.JPG failed: HTTP 404
  ! photo 00A4303/00A4303_003.jpg: GET /part/zp/00A4303_003.jpg failed: HTTP 404
  ! photo 00A4303X1/00A4303X1_001.jpg: GET /part/zp/00A4303X1_001.jpg failed: HTTP 404
  ! photo 00A4359/00A4359_002.JPG: GET /part/zp/00A4359_002.JPG failed: HTTP 404
  ! photo 00A4359/00A4359_002.JPG: GET /part/zp/00A4359_002.JPG failed: HTTP 404
  ! photo 00A4359X1/00A4359X1_002.JPG: GET /part/zp/00A4359X1_002.JPG failed: HTTP 404
  ! photo 00A4359/00A4359_002.JPG: GET /part/zp/00A4359_002.JPG failed: HTTP 404
  ! photo 00A4359/00A4359_002.JPG: GET /part/zp/00A4359_002.JPG failed: HTTP 404
  ! photo 00A4383/00A4383_002.JPG: GET /part/zp/00A4383_002.JPG failed: HTTP 404
  ! photo 00A4383/00A4383_002.jpg: GET /part/zp/00A4383_002.jpg failed: HTTP 404
  ! photo 00A4476/00A4476_001.JPG: GET /part/zp/00A4476_001.JPG failed: HTTP 404
  ! photo 00A5072/00A5072_002.JPG: GET /part/zp/00A5072_002.JPG failed: HTTP 404
  ! photo 00A5072/00A5072_003.JPG: GET /part/zp/00A5072_003.JPG failed: HTTP 404
  ! photo 00A5072/00A5072_003.jpg: GET /part/zp/00A5072_003.jpg failed: HTTP 404
  ! photo 00A5072/00A5072_002.jpg: GET /part/zp/00A5072_002.jpg failed: HTTP 404
  ! photo 00A5756/00A5756_002.JPG: GET /part/zp/00A5756_002.JPG failed: HTTP 404
  ! photo 00A5816/00A5816_002.JPG: GET /part/zp/00A5816_002.JPG failed: HTTP 404
  ! photo 00B0160/00B0160_002.jpg: GET /part/zp/00B0160_002.jpg failed: HTTP 404
  ! photo 00B0341/00B0341_002.JPG: GET /part/zp/00B0341_002.JPG failed: HTTP 404
  ! photo 00A5816/00A5816_002.JPG: GET /part/zp/00A5816_002.JPG failed: HTTP 404
  ! photo 00B0160/00B0160_002.JPG: GET /part/zp/00B0160_002.JPG failed: HTTP 404
  ! photo 00B0341/00B0341_002.jpg: GET /part/zp/00B0341_002.jpg failed: HTTP 404
  ! photo 00B0386/00B0386_002.JPG: GET /part/zp/00B0386_002.JPG failed: HTTP 404
  ! photo 00B0426/00B0426_002.JPG: GET /part/zp/00B0426_002.JPG failed: HTTP 404
  ! photo 00B0426/00B0426_002.JPG: GET /part/zp/00B0426_002.JPG failed: HTTP 404
  ! photo 00B0426/00B0426_002.JPG: GET /part/zp/00B0426_002.JPG failed: HTTP 404
  ! photo 00B0426/00B0426_002.JPG: GET /part/zp/00B0426_002.JPG failed: HTTP 404
  ! photo 00B0386/00B0386_002.jpg: GET /part/zp/00B0386_002.jpg failed: HTTP 404
  ! photo 00B0426/00B0426_002.JPG: GET /part/zp/00B0426_002.JPG failed: HTTP 404
  ! photo 00B0426/00B0426_002.JPG: GET /part/zp/00B0426_002.JPG failed: HTTP 404
  ! photo 00B0426/00B0426_002.JPG: GET /part/zp/00B0426_002.JPG failed: HTTP 404
  ! photo 00B0426/00B0426_002.JPG: GET /part/zp/00B0426_002.JPG failed: HTTP 404
  ! photo 00B0426/00B0426_002.JPG: GET /part/zp/00B0426_002.JPG failed: HTTP 404
  ! photo 00B0426/00B0426_002.JPG: GET /part/zp/00B0426_002.JPG failed: HTTP 404
  ! photo 00B0426/00B0426_002.JPG: GET /part/zp/00B0426_002.JPG failed: HTTP 404
  ! photo 00B0426/00B0426_002.JPG: GET /part/zp/00B0426_002.JPG failed: HTTP 404
  ! photo 00B0426/00B0426_002.JPG: GET /part/zp/00B0426_002.JPG failed: HTTP 404
  ! photo 00B0426/00B0426_002.JPG: GET /part/zp/00B0426_002.JPG failed: HTTP 404
  ! photo 00B0426/00B0426_002.JPG: GET /part/zp/00B0426_002.JPG failed: HTTP 404
  ! photo 00B0426/00B0426_002.JPG: GET /part/zp/00B0426_002.JPG failed: HTTP 404
  ! photo 00B0426/00B0426_002.JPG: GET /part/zp/00B0426_002.JPG failed: HTTP 404
  ! photo 00B0428/00B0428_001.JPG: GET /part/zp/00B0428_001.JPG failed: HTTP 404
  ! photo 00B0426/00B0426_002.JPG: GET /part/zp/00B0426_002.JPG failed: HTTP 404
  ! photo 00B0428/00B0428_001.jpg: GET /part/zp/00B0428_001.jpg failed: HTTP 404
  ! photo 00B0428/00B0428_001.JPG: GET /part/zp/00B0428_001.JPG failed: HTTP 404
  ! photo 00B0428/00B0428_001.jpg: GET /part/zp/00B0428_001.jpg failed: HTTP 404
  ! photo 00B0428/00B0428_001.JPG: GET /part/zp/00B0428_001.JPG failed: HTTP 404
  ! photo 00B0428/00B0428_001.jpg: GET /part/zp/00B0428_001.jpg failed: HTTP 404
  ! photo 00B0428/00B0428_001.jpg: GET /part/zp/00B0428_001.jpg failed: HTTP 404
  ! photo 00B0428/00B0428_001.JPG: GET /part/zp/00B0428_001.JPG failed: HTTP 404
  ! photo 00B0428/00B0428_001.jpg: GET /part/zp/00B0428_001.jpg failed: HTTP 404
  ! photo 00B0428/00B0428_001.JPG: GET /part/zp/00B0428_001.JPG failed: HTTP 404
  photos 100/3090
  ! photo 00B0428/00B0428_001.JPG: GET /part/zp/00B0428_001.JPG failed: HTTP 404
  ! photo 00B0428/00B0428_001.JPG: GET /part/zp/00B0428_001.JPG failed: HTTP 404
  ! photo 00B0428/00B0428_001.jpg: GET /part/zp/00B0428_001.jpg failed: HTTP 404
  ! photo 00B0428/00B0428_001.jpg: GET /part/zp/00B0428_001.jpg failed: HTTP 404
  ! photo 00B0428/00B0428_001.jpg: GET /part/zp/00B0428_001.jpg failed: HTTP 404
  ! photo 00B0428/00B0428_001.JPG: GET /part/zp/00B0428_001.JPG failed: HTTP 404
  ! photo 00B0428/00B0428_001.JPG: GET /part/zp/00B0428_001.JPG failed: HTTP 404
  ! photo 00B0428/00B0428_001.JPG: GET /part/zp/00B0428_001.JPG failed: HTTP 404
  ! photo 00B0428/00B0428_001.jpg: GET /part/zp/00B0428_001.jpg failed: HTTP 404
  ! photo 00B0428/00B0428_001.JPG: GET /part/zp/00B0428_001.JPG failed: HTTP 404
  ! photo 00B0428/00B0428_001.jpg: GET /part/zp/00B0428_001.jpg failed: HTTP 404
  ! photo 00B0428/00B0428_001.jpg: GET /part/zp/00B0428_001.jpg failed: HTTP 404
  ! photo 00B0428/00B0428_001.JPG: GET /part/zp/00B0428_001.JPG failed: HTTP 404
  ! photo 00B0428/00B0428_001.jpg: GET /part/zp/00B0428_001.jpg failed: HTTP 404
  ! photo 00B0428/00B0428_001.JPG: GET /part/zp/00B0428_001.JPG failed: HTTP 404
  ! photo 00B0428/00B0428_001.jpg: GET /part/zp/00B0428_001.jpg failed: HTTP 404
  ! photo 00B0428/00B0428_001.jpg: GET /part/zp/00B0428_001.jpg failed: HTTP 404
  ! photo 00B0428/00B0428_001.JPG: GET /part/zp/00B0428_001.JPG failed: HTTP 404
  ! photo 00B0428/00B0428_001.JPG: GET /part/zp/00B0428_001.JPG failed: HTTP 404
  ! photo 00B0428/00B0428_001.JPG: GET /part/zp/00B0428_001.JPG failed: HTTP 404
  ! photo 00B0428/00B0428_001.jpg: GET /part/zp/00B0428_001.jpg failed: HTTP 404
  ! photo 00B0428/00B0428_001.JPG: GET /part/zp/00B0428_001.JPG failed: HTTP 404
  ! photo 00B0428/00B0428_001.jpg: GET /part/zp/00B0428_001.jpg failed: HTTP 404
  ! photo 00B0428/00B0428_001.jpg: GET /part/zp/00B0428_001.jpg failed: HTTP 404
  ! photo 00B0428/00B0428_001.JPG: GET /part/zp/00B0428_001.JPG failed: HTTP 404
  ! photo 00B0428/00B0428_001.jpg: GET /part/zp/00B0428_001.jpg failed: HTTP 404
  ! photo 00B0428/00B0428_001.jpg: GET /part/zp/00B0428_001.jpg failed: HTTP 404
  ! photo 00B0428/00B0428_001.JPG: GET /part/zp/00B0428_001.JPG failed: HTTP 404
  ! photo 00B0428/00B0428_001.JPG: GET /part/zp/00B0428_001.JPG failed: HTTP 404
  ! photo 00B0428/00B0428_001.jpg: GET /part/zp/00B0428_001.jpg failed: HTTP 404
  ! photo 00B0428/00B0428_001.JPG: GET /part/zp/00B0428_001.JPG failed: HTTP 404
  ! photo 00B0428/00B0428_001.jpg: GET /part/zp/00B0428_001.jpg failed: HTTP 404
  ! photo 00B0428/00B0428_001.JPG: GET /part/zp/00B0428_001.JPG failed: HTTP 404
  ! photo 00B0428/00B0428_001.JPG: GET /part/zp/00B0428_001.JPG failed: HTTP 404
  ! photo 00B0428/00B0428_001.jpg: GET /part/zp/00B0428_001.jpg failed: HTTP 404
  ! photo 00B0428/00B0428_001.jpg: GET /part/zp/00B0428_001.jpg failed: HTTP 404
  ! photo 00B0428/00B0428_001.JPG: GET /part/zp/00B0428_001.JPG failed: HTTP 404
  ! photo 00B0428/00B0428_001.jpg: GET /part/zp/00B0428_001.jpg failed: HTTP 404
  ! photo 00B0428/00B0428_001.JPG: GET /part/zp/00B0428_001.JPG failed: HTTP 404
  ! photo 00B0428/00B0428_001.jpg: GET /part/zp/00B0428_001.jpg failed: HTTP 404
  ! photo 00B0428/00B0428_001.JPG: GET /part/zp/00B0428_001.JPG failed: HTTP 404
  ! photo 00B0428/00B0428_001.jpg: GET /part/zp/00B0428_001.jpg failed: HTTP 404
  ! photo 00B0428/00B0428_001.JPG: GET /part/zp/00B0428_001.JPG failed: HTTP 404
  ! photo 00B0428/00B0428_001.jpg: GET /part/zp/00B0428_001.jpg failed: HTTP 404
  ! photo 00B0428/00B0428_001.JPG: GET /part/zp/00B0428_001.JPG failed: HTTP 404
  ! photo 00B0428/00B0428_001.jpg: GET /part/zp/00B0428_001.jpg failed: HTTP 404
  ! photo 00B0428/00B0428_001.JPG: GET /part/zp/00B0428_001.JPG failed: HTTP 404
  ! photo 00B0428/00B0428_001.jpg: GET /part/zp/00B0428_001.jpg failed: HTTP 404
  ! photo 00B0429/00B0429_003.JPG: GET /part/zp/00B0429_003.JPG failed: HTTP 404
  ! photo 00B0429/00B0429_003.JPG: GET /part/zp/00B0429_003.JPG failed: HTTP 404
  ! photo 00B0429/00B0429_003.jpg: GET /part/zp/00B0429_003.jpg failed: HTTP 404
  ! photo 00B0429/00B0429_003.jpg: GET /part/zp/00B0429_003.jpg failed: HTTP 404
  ! photo 00B0429/00B0429_003.JPG: GET /part/zp/00B0429_003.JPG failed: HTTP 404
  ! photo 00B0429/00B0429_003.jpg: GET /part/zp/00B0429_003.jpg failed: HTTP 404
  ! photo 00B0429/00B0429_003.JPG: GET /part/zp/00B0429_003.JPG failed: HTTP 404
  ! photo 00B0429/00B0429_003.jpg: GET /part/zp/00B0429_003.jpg failed: HTTP 404
  ! photo 00B0429/00B0429_003.jpg: GET /part/zp/00B0429_003.jpg failed: HTTP 404
  ! photo 00B0429/00B0429_003.JPG: GET /part/zp/00B0429_003.JPG failed: HTTP 404
  ! photo 00B0429/00B0429_003.JPG: GET /part/zp/00B0429_003.JPG failed: HTTP 404
  ! photo 00B0429/00B0429_003.jpg: GET /part/zp/00B0429_003.jpg failed: HTTP 404
  ! photo 00B0429/00B0429_003.JPG: GET /part/zp/00B0429_003.JPG failed: HTTP 404
  ! photo 00B0429/00B0429_003.JPG: GET /part/zp/00B0429_003.JPG failed: HTTP 404
  ! photo 00B0429/00B0429_003.jpg: GET /part/zp/00B0429_003.jpg failed: HTTP 404
  ! photo 00B0429/00B0429_003.jpg: GET /part/zp/00B0429_003.jpg failed: HTTP 404
  ! photo 00B0429/00B0429_003.JPG: GET /part/zp/00B0429_003.JPG failed: HTTP 404
  ! photo 00B0429/00B0429_003.jpg: GET /part/zp/00B0429_003.jpg failed: HTTP 404
  ! photo 00B0429/00B0429_003.JPG: GET /part/zp/00B0429_003.JPG failed: HTTP 404
  ! photo 00B0429/00B0429_003.jpg: GET /part/zp/00B0429_003.jpg failed: HTTP 404
  ! photo 00B0430/00B0430_002.JPG: GET /part/zp/00B0430_002.JPG failed: HTTP 404
  ! photo 00B0430/00B0430_002.jpg: GET /part/zp/00B0430_002.jpg failed: HTTP 404
  ! photo 00B0430/00B0430_002.JPG: GET /part/zp/00B0430_002.JPG failed: HTTP 404
  ! photo 00B0430/00B0430_002.jpg: GET /part/zp/00B0430_002.jpg failed: HTTP 404
  ! photo 00B0430/00B0430_002.JPG: GET /part/zp/00B0430_002.JPG failed: HTTP 404
  ! photo 00B0430/00B0430_002.jpg: GET /part/zp/00B0430_002.jpg failed: HTTP 404
  ! photo 00B0430/00B0430_002.JPG: GET /part/zp/00B0430_002.JPG failed: HTTP 404
  ! photo 00B0430/00B0430_002.jpg: GET /part/zp/00B0430_002.jpg failed: HTTP 404
  ! photo 00B0430/00B0430_002.JPG: GET /part/zp/00B0430_002.JPG failed: HTTP 404
  ! photo 00B0430/00B0430_002.jpg: GET /part/zp/00B0430_002.jpg failed: HTTP 404
  ! photo 00B0433/00B0433_002.JPG: GET /part/zp/00B0433_002.JPG failed: HTTP 404
  ! photo 00B0433/00B0433_002.jpg: GET /part/zp/00B0433_002.jpg failed: HTTP 404
  ! photo 00B0433/00B0433_003.JPG: GET /part/zp/00B0433_003.JPG failed: HTTP 404
  ! photo 00B0433/00B0433_003.jpg: GET /part/zp/00B0433_003.jpg failed: HTTP 404
  ! photo 00B0433/00B0433_002.JPG: GET /part/zp/00B0433_002.JPG failed: HTTP 404
  ! photo 00B0433/00B0433_002.jpg: GET /part/zp/00B0433_002.jpg failed: HTTP 404
  ! photo 00B0433/00B0433_003.JPG: GET /part/zp/00B0433_003.JPG failed: HTTP 404
  ! photo 00B0433/00B0433_003.jpg: GET /part/zp/00B0433_003.jpg failed: HTTP 404
  ! photo 00B0433/00B0433_002.JPG: GET /part/zp/00B0433_002.JPG failed: HTTP 404
  ! photo 00B0433/00B0433_002.jpg: GET /part/zp/00B0433_002.jpg failed: HTTP 404
  ! photo 00B0433/00B0433_003.JPG: GET /part/zp/00B0433_003.JPG failed: HTTP 404
  ! photo 00B0433/00B0433_003.jpg: GET /part/zp/00B0433_003.jpg failed: HTTP 404
  ! photo 00B0433/00B0433_002.JPG: GET /part/zp/00B0433_002.JPG failed: HTTP 404
  ! photo 00B0433/00B0433_002.jpg: GET /part/zp/00B0433_002.jpg failed: HTTP 404
  ! photo 00B0433/00B0433_003.JPG: GET /part/zp/00B0433_003.JPG failed: HTTP 404
  ! photo 00B0433/00B0433_003.jpg: GET /part/zp/00B0433_003.jpg failed: HTTP 404
  ! photo 00B0433/00B0433_002.JPG: GET /part/zp/00B0433_002.JPG failed: HTTP 404
  ! photo 00B0433/00B0433_002.jpg: GET /part/zp/00B0433_002.jpg failed: HTTP 404
  ! photo 00B0433/00B0433_003.JPG: GET /part/zp/00B0433_003.JPG failed: HTTP 404
  ! photo 00B0433/00B0433_003.jpg: GET /part/zp/00B0433_003.jpg failed: HTTP 404
  ! photo 00B0434/00B0434_003.jpg: GET /part/zp/00B0434_003.jpg failed: HTTP 404
  ! photo 00B0434/00B0434_003.JPG: GET /part/zp/00B0434_003.JPG failed: HTTP 404
  photos 200/3090
  ! photo 00B0434/00B0434_003.jpg: GET /part/zp/00B0434_003.jpg failed: HTTP 404
  ! photo 00B0434/00B0434_003.JPG: GET /part/zp/00B0434_003.JPG failed: HTTP 404
  ! photo 00B0434/00B0434_003.JPG: GET /part/zp/00B0434_003.JPG failed: HTTP 404
  ! photo 00B0434/00B0434_003.jpg: GET /part/zp/00B0434_003.jpg failed: HTTP 404
  ! photo 00B0434/00B0434_003.JPG: GET /part/zp/00B0434_003.JPG failed: HTTP 404
  ! photo 00B0434/00B0434_003.jpg: GET /part/zp/00B0434_003.jpg failed: HTTP 404
  ! photo 00B0435/00B0435_002.JPG: GET /part/zp/00B0435_002.JPG failed: HTTP 404
  ! photo 00B0435/00B0435_002.jpg: GET /part/zp/00B0435_002.jpg failed: HTTP 404
  ! photo 00B0435/00B0435_002.JPG: GET /part/zp/00B0435_002.JPG failed: HTTP 404
  ! photo 00B0435/00B0435_002.jpg: GET /part/zp/00B0435_002.jpg failed: HTTP 404
  ! photo 00B0435/00B0435_002.JPG: GET /part/zp/00B0435_002.JPG failed: HTTP 404
  ! photo 00B0435/00B0435_002.jpg: GET /part/zp/00B0435_002.jpg failed: HTTP 404
  ! photo 00B0435/00B0435_002.JPG: GET /part/zp/00B0435_002.JPG failed: HTTP 404
  ! photo 00B0435/00B0435_002.jpg: GET /part/zp/00B0435_002.jpg failed: HTTP 404
  ! photo 00B0435/00B0435_002.JPG: GET /part/zp/00B0435_002.JPG failed: HTTP 404
  ! photo 00B0435/00B0435_002.jpg: GET /part/zp/00B0435_002.jpg failed: HTTP 404
  ! photo 00B0435/00B0435_002.JPG: GET /part/zp/00B0435_002.JPG failed: HTTP 404
  ! photo 00B0435/00B0435_002.jpg: GET /part/zp/00B0435_002.jpg failed: HTTP 404
  ! photo 00B0435/00B0435_002.JPG: GET /part/zp/00B0435_002.JPG failed: HTTP 404
  ! photo 00B0435/00B0435_002.jpg: GET /part/zp/00B0435_002.jpg failed: HTTP 404
  ! photo 00B0435/00B0435_002.JPG: GET /part/zp/00B0435_002.JPG failed: HTTP 404
  ! photo 00B0435/00B0435_002.jpg: GET /part/zp/00B0435_002.jpg failed: HTTP 404
  ! photo 00B0435/00B0435_002.JPG: GET /part/zp/00B0435_002.JPG failed: HTTP 404
  ! photo 00B0435/00B0435_002.jpg: GET /part/zp/00B0435_002.jpg failed: HTTP 404
  ! photo 00B0435/00B0435_002.jpg: GET /part/zp/00B0435_002.jpg failed: HTTP 404
  ! photo 00B0435/00B0435_002.JPG: GET /part/zp/00B0435_002.JPG failed: HTTP 404
  ! photo 00B0436/00B0436_001.JPG: GET /part/zp/00B0436_001.JPG failed: HTTP 404
  ! photo 00B0436/00B0436_001.jpg: GET /part/zp/00B0436_001.jpg failed: HTTP 404
  ! photo 00B0436/00B0436_001.JPG: GET /part/zp/00B0436_001.JPG failed: HTTP 404
  ! photo 00B0438/00B0438_001.JPG: GET /part/zp/00B0438_001.JPG failed: HTTP 404
  ! photo 00B0436/00B0436_001.jpg: GET /part/zp/00B0436_001.jpg failed: HTTP 404
  ! photo 00B0438/00B0438_001.jpg: GET /part/zp/00B0438_001.jpg failed: HTTP 404
  ! photo 00B0450/00B0450_001.JPG: GET /part/zp/00B0450_001.JPG failed: HTTP 404
  ! photo 00B0450/00B0450_001.JPG: GET /part/zp/00B0450_001.JPG failed: HTTP 404
  ! photo 00B0450/00B0450_001.jpg: GET /part/zp/00B0450_001.jpg failed: HTTP 404
  ! photo 00B0450/00B0450_001.jpg: GET /part/zp/00B0450_001.jpg failed: HTTP 404
  ! photo 00B0458/00B0458_002.JPG: GET /part/zp/00B0458_002.JPG failed: HTTP 404
  ! photo 00B0458/00B0458_002.jpg: GET /part/zp/00B0458_002.jpg failed: HTTP 404
  ! photo 00B0458/00B0458_002.JPG: GET /part/zp/00B0458_002.JPG failed: HTTP 404
  ! photo 00B0458/00B0458_002.jpg: GET /part/zp/00B0458_002.jpg failed: HTTP 404
  ! photo 00B0458/00B0458_002.JPG: GET /part/zp/00B0458_002.JPG failed: HTTP 404
  ! photo 00B0458/00B0458_002.jpg: GET /part/zp/00B0458_002.jpg failed: HTTP 404
  ! photo 00B0458/00B0458_002.JPG: GET /part/zp/00B0458_002.JPG failed: HTTP 404
  ! photo 00B0458/00B0458_002.jpg: GET /part/zp/00B0458_002.jpg failed: HTTP 404
  ! photo 00B0517/00B0517_002.JPG: GET /part/zp/00B0517_002.JPG failed: HTTP 404
  ! photo 00B0517/00B0517_002.jpg: GET /part/zp/00B0517_002.jpg failed: HTTP 404
  ! photo 00B0517/00B0517_002.JPG: GET /part/zp/00B0517_002.JPG failed: HTTP 404
  ! photo 00B0517/00B0517_002.jpg: GET /part/zp/00B0517_002.jpg failed: HTTP 404
  ! photo 00B0517/00B0517_002.JPG: GET /part/zp/00B0517_002.JPG failed: HTTP 404
  ! photo 00B0517/00B0517_002.jpg: GET /part/zp/00B0517_002.jpg failed: HTTP 404
  ! photo 00B0517/00B0517_002.JPG: GET /part/zp/00B0517_002.JPG failed: HTTP 404
  ! photo 00B0517/00B0517_002.jpg: GET /part/zp/00B0517_002.jpg failed: HTTP 404
  ! photo 00B0517/00B0517_002.jpg: GET /part/zp/00B0517_002.jpg failed: HTTP 404
  ! photo 00B0517/00B0517_002.JPG: GET /part/zp/00B0517_002.JPG failed: HTTP 404
  ! photo 00B0517/00B0517_002.JPG: GET /part/zp/00B0517_002.JPG failed: HTTP 404
  ! photo 00B0517/00B0517_002.jpg: GET /part/zp/00B0517_002.jpg failed: HTTP 404
  ! photo 00B0517/00B0517_002.JPG: GET /part/zp/00B0517_002.JPG failed: HTTP 404
  ! photo 00B0517/00B0517_002.JPG: GET /part/zp/00B0517_002.JPG failed: HTTP 404
  ! photo 00B0517/00B0517_002.jpg: GET /part/zp/00B0517_002.jpg failed: HTTP 404
  ! photo 00B0517/00B0517_002.jpg: GET /part/zp/00B0517_002.jpg failed: HTTP 404
  ! photo 00B0517/00B0517_002.jpg: GET /part/zp/00B0517_002.jpg failed: HTTP 404
  ! photo 00B0517/00B0517_002.JPG: GET /part/zp/00B0517_002.JPG failed: HTTP 404
  ! photo 00B0517/00B0517_002.JPG: GET /part/zp/00B0517_002.JPG failed: HTTP 404
  ! photo 00B0517/00B0517_002.jpg: GET /part/zp/00B0517_002.jpg failed: HTTP 404
  ! photo 00B0517/00B0517_002.JPG: GET /part/zp/00B0517_002.JPG failed: HTTP 404
  ! photo 00B0517/00B0517_002.jpg: GET /part/zp/00B0517_002.jpg failed: HTTP 404
  ! photo 00B0517/00B0517_002.jpg: GET /part/zp/00B0517_002.jpg failed: HTTP 404
  ! photo 00B0517/00B0517_002.JPG: GET /part/zp/00B0517_002.JPG failed: HTTP 404
  ! photo 00B0517/00B0517_002.JPG: GET /part/zp/00B0517_002.JPG failed: HTTP 404
  ! photo 00B0517/00B0517_002.jpg: GET /part/zp/00B0517_002.jpg failed: HTTP 404
  ! photo 00B0517/00B0517_002.jpg: GET /part/zp/00B0517_002.jpg failed: HTTP 404
  ! photo 00B0517/00B0517_002.JPG: GET /part/zp/00B0517_002.JPG failed: HTTP 404
  ! photo 00B0517/00B0517_002.jpg: GET /part/zp/00B0517_002.jpg failed: HTTP 404
  ! photo 00B0517/00B0517_002.JPG: GET /part/zp/00B0517_002.JPG failed: HTTP 404
  ! photo 00B0517/00B0517_002.JPG: GET /part/zp/00B0517_002.JPG failed: HTTP 404
  ! photo 00B0517/00B0517_002.JPG: GET /part/zp/00B0517_002.JPG failed: HTTP 404
  ! photo 00B0517/00B0517_002.jpg: GET /part/zp/00B0517_002.jpg failed: HTTP 404
  ! photo 00B0517/00B0517_002.jpg: GET /part/zp/00B0517_002.jpg failed: HTTP 404
  ! photo 00B0517/00B0517_002.jpg: GET /part/zp/00B0517_002.jpg failed: HTTP 404
  ! photo 00B0517/00B0517_002.JPG: GET /part/zp/00B0517_002.JPG failed: HTTP 404
  ! photo 00B0517/00B0517_002.JPG: GET /part/zp/00B0517_002.JPG failed: HTTP 404
  ! photo 00B0517/00B0517_002.jpg: GET /part/zp/00B0517_002.jpg failed: HTTP 404
  ! photo 00B0517/00B0517_002.jpg: GET /part/zp/00B0517_002.jpg failed: HTTP 404
  ! photo 00B0517/00B0517_002.JPG: GET /part/zp/00B0517_002.JPG failed: HTTP 404
  ! photo 00B0517/00B0517_002.jpg: GET /part/zp/00B0517_002.jpg failed: HTTP 404
  ! photo 00B0517/00B0517_002.JPG: GET /part/zp/00B0517_002.JPG failed: HTTP 404
  ! photo 00B0517/00B0517_002.JPG: GET /part/zp/00B0517_002.JPG failed: HTTP 404
  ! photo 00B0517/00B0517_002.jpg: GET /part/zp/00B0517_002.jpg failed: HTTP 404
  ! photo 00B0520/00B0520_002.jpg: GET /part/zp/00B0520_002.jpg failed: HTTP 404
  ! photo 00B0517/00B0517_002.jpg: GET /part/zp/00B0517_002.jpg failed: HTTP 404
  ! photo 00B0520/00B0520_002.JPG: GET /part/zp/00B0520_002.JPG failed: HTTP 404
  ! photo 00B0517/00B0517_002.JPG: GET /part/zp/00B0517_002.JPG failed: HTTP 404
  ! photo 00B0520/00B0520_002.JPG: GET /part/zp/00B0520_002.JPG failed: HTTP 404
  ! photo 00B0520/00B0520_002.jpg: GET /part/zp/00B0520_002.jpg failed: HTTP 404
  ! photo 00B0520/00B0520_002.jpg: GET /part/zp/00B0520_002.jpg failed: HTTP 404
  ! photo 00B0520/00B0520_002.JPG: GET /part/zp/00B0520_002.JPG failed: HTTP 404
  ! photo 00B0520/00B0520_002.JPG: GET /part/zp/00B0520_002.JPG failed: HTTP 404
  ! photo 00B0520/00B0520_002.jpg: GET /part/zp/00B0520_002.jpg failed: HTTP 404
  ! photo 00B0520/00B0520_002.JPG: GET /part/zp/00B0520_002.JPG failed: HTTP 404
  photos 300/3090
  ! photo 00B0520/00B0520_002.jpg: GET /part/zp/00B0520_002.jpg failed: HTTP 404
  ! photo 00B0520/00B0520_002.jpg: GET /part/zp/00B0520_002.jpg failed: HTTP 404
  ! photo 00B0520/00B0520_002.JPG: GET /part/zp/00B0520_002.JPG failed: HTTP 404
  ! photo 00B0520/00B0520_002.JPG: GET /part/zp/00B0520_002.JPG failed: HTTP 404
  ! photo 00B0520/00B0520_002.jpg: GET /part/zp/00B0520_002.jpg failed: HTTP 404
  ! photo 00B0520/00B0520_002.JPG: GET /part/zp/00B0520_002.JPG failed: HTTP 404
  ! photo 00B0520/00B0520_002.JPG: GET /part/zp/00B0520_002.JPG failed: HTTP 404
  ! photo 00B0520/00B0520_002.jpg: GET /part/zp/00B0520_002.jpg failed: HTTP 404
  ! photo 00B0520/00B0520_002.jpg: GET /part/zp/00B0520_002.jpg failed: HTTP 404
  ! photo 00B0520/00B0520_002.JPG: GET /part/zp/00B0520_002.JPG failed: HTTP 404
  ! photo 00B0520/00B0520_002.jpg: GET /part/zp/00B0520_002.jpg failed: HTTP 404
  ! photo 00B0520/00B0520_002.JPG: GET /part/zp/00B0520_002.JPG failed: HTTP 404
  ! photo 00B0520/00B0520_002.jpg: GET /part/zp/00B0520_002.jpg failed: HTTP 404
  ! photo 00B0520/00B0520_002.jpg: GET /part/zp/00B0520_002.jpg failed: HTTP 404
  ! photo 00B0520/00B0520_002.JPG: GET /part/zp/00B0520_002.JPG failed: HTTP 404
  ! photo 00B0520/00B0520_002.JPG: GET /part/zp/00B0520_002.JPG failed: HTTP 404
  ! photo 00B0520/00B0520_002.jpg: GET /part/zp/00B0520_002.jpg failed: HTTP 404
  ! photo 00B0520/00B0520_002.JPG: GET /part/zp/00B0520_002.JPG failed: HTTP 404
  ! photo 00B0520/00B0520_002.jpg: GET /part/zp/00B0520_002.jpg failed: HTTP 404
  ! photo 00B0520/00B0520_002.jpg: GET /part/zp/00B0520_002.jpg failed: HTTP 404
  ! photo 00B0520/00B0520_002.JPG: GET /part/zp/00B0520_002.JPG failed: HTTP 404
  ! photo 00B0520/00B0520_002.jpg: GET /part/zp/00B0520_002.jpg failed: HTTP 404
  ! photo 00B0520/00B0520_002.JPG: GET /part/zp/00B0520_002.JPG failed: HTTP 404
  ! photo 00B0520/00B0520_002.JPG: GET /part/zp/00B0520_002.JPG failed: HTTP 404
  ! photo 00B0520/00B0520_002.jpg: GET /part/zp/00B0520_002.jpg failed: HTTP 404
  ! photo 00B0520/00B0520_002.JPG: GET /part/zp/00B0520_002.JPG failed: HTTP 404
  ! photo 00B0520/00B0520_002.jpg: GET /part/zp/00B0520_002.jpg failed: HTTP 404
  ! photo 00B0520/00B0520_002.JPG: GET /part/zp/00B0520_002.JPG failed: HTTP 404
  ! photo 00B0520/00B0520_002.jpg: GET /part/zp/00B0520_002.jpg failed: HTTP 404
  ! photo 00B0520/00B0520_002.JPG: GET /part/zp/00B0520_002.JPG failed: HTTP 404
  ! photo 00B0520/00B0520_002.jpg: GET /part/zp/00B0520_002.jpg failed: HTTP 404
  ! photo 00B0520/00B0520_002.JPG: GET /part/zp/00B0520_002.JPG failed: HTTP 404
  ! photo 00B0520/00B0520_002.jpg: GET /part/zp/00B0520_002.jpg failed: HTTP 404
  ! photo 00B0520/00B0520_002.JPG: GET /part/zp/00B0520_002.JPG failed: HTTP 404
  ! photo 00B0520/00B0520_002.jpg: GET /part/zp/00B0520_002.jpg failed: HTTP 404
  ! photo 00B0520/00B0520_002.JPG: GET /part/zp/00B0520_002.JPG failed: HTTP 404
  ! photo 00B0520/00B0520_002.jpg: GET /part/zp/00B0520_002.jpg failed: HTTP 404
  ! photo 00B0520/00B0520_002.JPG: GET /part/zp/00B0520_002.JPG failed: HTTP 404
  ! photo 00B0520/00B0520_002.JPG: GET /part/zp/00B0520_002.JPG failed: HTTP 404
  ! photo 00B0520/00B0520_002.jpg: GET /part/zp/00B0520_002.jpg failed: HTTP 404
  ! photo 00B0520/00B0520_002.jpg: GET /part/zp/00B0520_002.jpg failed: HTTP 404
  ! photo 00B0725/00B0725_002.JPG: GET /part/zp/00B0725_002.JPG failed: HTTP 404
  ! photo 00B0725/00B0725_002.jpg: GET /part/zp/00B0725_002.jpg failed: HTTP 404
  ! photo 00B0725/00B0725_002.JPG: GET /part/zp/00B0725_002.JPG failed: HTTP 404
  ! photo 00B0725/00B0725_002.JPG: GET /part/zp/00B0725_002.JPG failed: HTTP 404
  ! photo 00B0725/00B0725_002.jpg: GET /part/zp/00B0725_002.jpg failed: HTTP 404
  ! photo 00B0725/00B0725_002.jpg: GET /part/zp/00B0725_002.jpg failed: HTTP 404
  ! photo 00B0726/00B0726_002.JPG: GET /part/zp/00B0726_002.JPG failed: HTTP 404
  ! photo 00B0726/00B0726_002.jpg: GET /part/zp/00B0726_002.jpg failed: HTTP 404
  ! photo 00B0727/00B0727_002.JPG: GET /part/zp/00B0727_002.JPG failed: HTTP 404
  ! photo 00B0727/00B0727_002.jpg: GET /part/zp/00B0727_002.jpg failed: HTTP 404
  ! photo 00B0727/00B0727_002.JPG: GET /part/zp/00B0727_002.JPG failed: HTTP 404
  ! photo 00B0727/00B0727_002.jpg: GET /part/zp/00B0727_002.jpg failed: HTTP 404
  ! photo 00B0727/00B0727_002.JPG: GET /part/zp/00B0727_002.JPG failed: HTTP 404
  ! photo 00B0727/00B0727_002.jpg: GET /part/zp/00B0727_002.jpg failed: HTTP 404
  ! photo 00B0727/00B0727_002.JPG: GET /part/zp/00B0727_002.JPG failed: HTTP 404
  ! photo 00B0727/00B0727_002.JPG: GET /part/zp/00B0727_002.JPG failed: HTTP 404
  ! photo 00B0727/00B0727_002.jpg: GET /part/zp/00B0727_002.jpg failed: HTTP 404
  ! photo 00B0727/00B0727_002.jpg: GET /part/zp/00B0727_002.jpg failed: HTTP 404
  ! photo 00B0727/00B0727_002.JPG: GET /part/zp/00B0727_002.JPG failed: HTTP 404
  ! photo 00B0729/00B0729_002.JPG: GET /part/zp/00B0729_002.JPG failed: HTTP 404
  ! photo 00B0727/00B0727_002.jpg: GET /part/zp/00B0727_002.jpg failed: HTTP 404
  ! photo 00B0727/00B0727_002.jpg: GET /part/zp/00B0727_002.jpg failed: HTTP 404
  ! photo 00B0727/00B0727_002.JPG: GET /part/zp/00B0727_002.JPG failed: HTTP 404
  ! photo 00B0729/00B0729_002.jpg: GET /part/zp/00B0729_002.jpg failed: HTTP 404
  ! photo 00B0731/00B0731_002.JPG: GET /part/zp/00B0731_002.JPG failed: HTTP 404
